Archive member included to satisfy reference by file (symbol)

C:/Program Files (x86)/STM32CubeIDE_1.16.0/STM32CubeIDE/plugins/com.st.stm32cube.ide.mcu.externaltools.gnu-tools-for-stm32.12.3.rel1.win32_1.0.200.202406191623/tools/bin/../lib/gcc/arm-none-eabi/12.3.1/../../../../arm-none-eabi/lib/thumb/v7e-m+fp/hard\libc_nano.a(libc_a-exit.o)
                              C:/Program Files (x86)/STM32CubeIDE_1.16.0/STM32CubeIDE/plugins/com.st.stm32cube.ide.mcu.externaltools.gnu-tools-for-stm32.12.3.rel1.win32_1.0.200.202406191623/tools/bin/../lib/gcc/arm-none-eabi/12.3.1/../../../../arm-none-eabi/lib/thumb/v7e-m+fp/hard/crt0.o (exit)
C:/Program Files (x86)/STM32CubeIDE_1.16.0/STM32CubeIDE/plugins/com.st.stm32cube.ide.mcu.externaltools.gnu-tools-for-stm32.12.3.rel1.win32_1.0.200.202406191623/tools/bin/../lib/gcc/arm-none-eabi/12.3.1/../../../../arm-none-eabi/lib/thumb/v7e-m+fp/hard\libc_nano.a(libc_a-rand.o)
                              ./Core/Src/utils.o (rand)
C:/Program Files (x86)/STM32CubeIDE_1.16.0/STM32CubeIDE/plugins/com.st.stm32cube.ide.mcu.externaltools.gnu-tools-for-stm32.12.3.rel1.win32_1.0.200.202406191623/tools/bin/../lib/gcc/arm-none-eabi/12.3.1/../../../../arm-none-eabi/lib/thumb/v7e-m+fp/hard\libc_nano.a(libc_a-findfp.o)
                              C:/Program Files (x86)/STM32CubeIDE_1.16.0/STM32CubeIDE/plugins/com.st.stm32cube.ide.mcu.externaltools.gnu-tools-for-stm32.12.3.rel1.win32_1.0.200.202406191623/tools/bin/../lib/gcc/arm-none-eabi/12.3.1/../../../../arm-none-eabi/lib/thumb/v7e-m+fp/hard\libc_nano.a(libc_a-exit.o) (__stdio_exit_handler)
C:/Program Files (x86)/STM32CubeIDE_1.16.0/STM32CubeIDE/plugins/com.st.stm32cube.ide.mcu.externaltools.gnu-tools-for-stm32.12.3.rel1.win32_1.0.200.202406191623/tools/bin/../lib/gcc/arm-none-eabi/12.3.1/../../../../arm-none-eabi/lib/thumb/v7e-m+fp/hard\libc_nano.a(libc_a-fwalk.o)
                              C:/Program Files (x86)/STM32CubeIDE_1.16.0/STM32CubeIDE/plugins/com.st.stm32cube.ide.mcu.externaltools.gnu-tools-for-stm32.12.3.rel1.win32_1.0.200.202406191623/tools/bin/../lib/gcc/arm-none-eabi/12.3.1/../../../../arm-none-eabi/lib/thumb/v7e-m+fp/hard\libc_nano.a(libc_a-findfp.o) (_fwalk_sglue)
C:/Program Files (x86)/STM32CubeIDE_1.16.0/STM32CubeIDE/plugins/com.st.stm32cube.ide.mcu.externaltools.gnu-tools-for-stm32.12.3.rel1.win32_1.0.200.202406191623/tools/bin/../lib/gcc/arm-none-eabi/12.3.1/../../../../arm-none-eabi/lib/thumb/v7e-m+fp/hard\libc_nano.a(libc_a-stdio.o)
                              C:/Program Files (x86)/STM32CubeIDE_1.16.0/STM32CubeIDE/plugins/com.st.stm32cube.ide.mcu.externaltools.gnu-tools-for-stm32.12.3.rel1.win32_1.0.200.202406191623/tools/bin/../lib/gcc/arm-none-eabi/12.3.1/../../../../arm-none-eabi/lib/thumb/v7e-m+fp/hard\libc_nano.a(libc_a-findfp.o) (__sread)
C:/Program Files (x86)/STM32CubeIDE_1.16.0/STM32CubeIDE/plugins/com.st.stm32cube.ide.mcu.externaltools.gnu-tools-for-stm32.12.3.rel1.win32_1.0.200.202406191623/tools/bin/../lib/gcc/arm-none-eabi/12.3.1/../../../../arm-none-eabi/lib/thumb/v7e-m+fp/hard\libc_nano.a(libc_a-memset.o)
                              C:/Program Files (x86)/STM32CubeIDE_1.16.0/STM32CubeIDE/plugins/com.st.stm32cube.ide.mcu.externaltools.gnu-tools-for-stm32.12.3.rel1.win32_1.0.200.202406191623/tools/bin/../lib/gcc/arm-none-eabi/12.3.1/../../../../arm-none-eabi/lib/thumb/v7e-m+fp/hard/crt0.o (memset)
C:/Program Files (x86)/STM32CubeIDE_1.16.0/STM32CubeIDE/plugins/com.st.stm32cube.ide.mcu.externaltools.gnu-tools-for-stm32.12.3.rel1.win32_1.0.200.202406191623/tools/bin/../lib/gcc/arm-none-eabi/12.3.1/../../../../arm-none-eabi/lib/thumb/v7e-m+fp/hard\libc_nano.a(libc_a-closer.o)
                              C:/Program Files (x86)/STM32CubeIDE_1.16.0/STM32CubeIDE/plugins/com.st.stm32cube.ide.mcu.externaltools.gnu-tools-for-stm32.12.3.rel1.win32_1.0.200.202406191623/tools/bin/../lib/gcc/arm-none-eabi/12.3.1/../../../../arm-none-eabi/lib/thumb/v7e-m+fp/hard\libc_nano.a(libc_a-stdio.o) (_close_r)
C:/Program Files (x86)/STM32CubeIDE_1.16.0/STM32CubeIDE/plugins/com.st.stm32cube.ide.mcu.externaltools.gnu-tools-for-stm32.12.3.rel1.win32_1.0.200.202406191623/tools/bin/../lib/gcc/arm-none-eabi/12.3.1/../../../../arm-none-eabi/lib/thumb/v7e-m+fp/hard\libc_nano.a(libc_a-reent.o)
                              C:/Program Files (x86)/STM32CubeIDE_1.16.0/STM32CubeIDE/plugins/com.st.stm32cube.ide.mcu.externaltools.gnu-tools-for-stm32.12.3.rel1.win32_1.0.200.202406191623/tools/bin/../lib/gcc/arm-none-eabi/12.3.1/../../../../arm-none-eabi/lib/thumb/v7e-m+fp/hard\libc_nano.a(libc_a-closer.o) (errno)
C:/Program Files (x86)/STM32CubeIDE_1.16.0/STM32CubeIDE/plugins/com.st.stm32cube.ide.mcu.externaltools.gnu-tools-for-stm32.12.3.rel1.win32_1.0.200.202406191623/tools/bin/../lib/gcc/arm-none-eabi/12.3.1/../../../../arm-none-eabi/lib/thumb/v7e-m+fp/hard\libc_nano.a(libc_a-impure.o)
[...]
Memory Configuration

Name             Origin             Length             Attributes
RAM              0x20000000         0x00020000         xrw
FLASH            0x08000000         0x00080000         xr
*default*        0x00000000         0xffffffff

Linker script and memory map

LOAD C:/Program Files (x86)/STM32CubeIDE_1.16.0/STM32CubeIDE/plugins/com.st.stm32cube.ide.mcu.externaltools.gnu-tools-for-stm32.12.3.rel1.win32_1.0.200.202406191623/tools/bin/../lib/gcc/arm-none-eabi/12.3.1/thumb/v7e-m+fp/hard/crti.o
LOAD C:/Program Files (x86)/STM32CubeIDE_1.16.0/STM32CubeIDE/plugins/com.st.stm32cube.ide.mcu.externaltools.gnu-tools-for-stm32.12.3.rel1.win32_1.0.200.202406191623/tools/bin/../lib/gcc/arm-none-eabi/12.3.1/thumb/v7e-m+fp/hard/crtbegin.o
LOAD C:/Program Files (x86)/STM32CubeIDE_1.16.0/STM32CubeIDE/plugins/com.st.stm32cube.ide.mcu.externaltools.gnu-tools-for-stm32.12.3.rel1.win32_1.0.200.202406191623/tools/bin/../lib/gcc/arm-none-eabi/12.3.1/../../../../arm-none-eabi/lib/thumb/v7e-m+fp/hard/crt0.o
LOAD ./Core/Src/button.o
LOAD ./Core/Src/led.o
LOAD ./Core/Src/main.o
LOAD ./Core/Src/rgb.o
LOAD ./Core/Src/stm32g4xx_hal_msp.o
LOAD ./Core/Src/stm32g4xx_it.o
LOAD ./Core/Src/syscalls.o
LOAD ./Core/Src/sysmem.o
LOAD ./Core/Src/system_stm32g4xx.o
LOAD ./Core/Src/utils.o
LOAD ./Core/Startup/startup_stm32g474retx.o
LOAD ./Drivers/STM32G4xx_HAL_Driver/Src/stm32g4xx_hal.o
LOAD ./Drivers/STM32G4xx_HAL_Driver/Src/stm32g4xx_hal_cortex.o
LOAD ./Drivers/STM32G4xx_HAL_Driver/Src/stm32g4xx_hal_dma.o
LOAD ./Drivers/STM32G4xx_HAL_Driver/Src/stm32g4xx_hal_dma_ex.o
LOAD ./Drivers/STM32G4xx_HAL_Driver/Src/stm32g4xx_hal_exti.o
LOAD ./Drivers/STM32G4xx_HAL_Driver/Src/stm32g4xx_hal_flash.o
LOAD ./Drivers/STM32G4xx_HAL_Driver/Src/stm32g4xx_hal_flash_ex.o
LOAD ./Drivers/STM32G4xx_HAL_Driver/Src/stm32g4xx_hal_flash_ramfunc.o
LOAD ./Drivers/STM32G4xx_HAL_Driver/Src/stm32g4xx_hal_gpio.o
LOAD ./Drivers/STM32G4xx_HAL_Driver/Src/stm32g4xx_hal_pwr.o
LOAD ./Drivers/STM32G4xx_HAL_Driver/Src/stm32g4xx_hal_pwr_ex.o
LOAD ./Drivers/STM32G4xx_HAL_Driver/Src/stm32g4xx_hal_rcc.o
LOAD ./Drivers/STM32G4xx_HAL_Driver/Src/stm32g4xx_hal_rcc_ex.o
LOAD ./Drivers/STM32G4xx_HAL_Driver/Src/stm32g4xx_hal_tim.o
LOAD ./Drivers/STM32G4xx_HAL_Driver/Src/stm32g4xx_hal_tim_ex.o
START GROUP
LOAD C:/Program Files (x86)/STM32CubeIDE_1.16.0/STM32CubeIDE/plugins/com.st.stm32cube.ide.mcu.externaltools.gnu-tools-for-stm32.12.3.rel1.win32_1.0.200.202406191623/tools/bin/../lib/gcc/arm-none-eabi/12.3.1/../../../../arm-none-eabi/lib/thumb/v7e-m+fp/hard\libc_nano.a
LOAD C:/Program Files (x86)/STM32CubeIDE_1.16.0/STM32CubeIDE/plugins/com.st.stm32cube.ide.mcu.externaltools.gnu-tools-for-stm32.12.3.rel1.win32_1.0.200.202406191623/tools/bin/../lib/gcc/arm-none-eabi/12.3.1/../../../../arm-none-eabi/lib/thumb/v7e-m+fp/hard\libm.a
END GROUP
START GROUP
LOAD C:/Program Files (x86)/STM32CubeIDE_1.16.0/STM32CubeIDE/plugins/com.st.stm32cube.ide.mcu.externaltools.gnu-tools-for-stm32.12.3.rel1.win32_1.0.200.202406191623/tools/bin/../lib/gcc/arm-none-eabi/12.3.1/thumb/v7e-m+fp/hard\libgcc.a
LOAD C:/Program Files (x86)/STM32CubeIDE_1.16.0/STM32CubeIDE/plugins/com.st.stm32cube.ide.mcu.externaltools.gnu-tools-for-stm32.12.3.rel1.win32_1.0.200.202406191623/tools/bin/../lib/gcc/arm-none-eabi/12.3.1/../../../../arm-none-eabi/lib/thumb/v7e-m+fp/hard\libc_nano.a
END GROUP
START GROUP
LOAD C:/Program Files (x86)/STM32CubeIDE_1.16.0/STM32CubeIDE/plugins/com.st.stm32cube.ide.mcu.externaltools.gnu-tools-for-stm32.12.3.rel1.win32_1.0.200.202406191623/tools/bin/../lib/gcc/arm-none-eabi/12.3.1/thumb/v7e-m+fp/hard\libgcc.a
LOAD C:/Program Files (x86)/STM32CubeIDE_1.16.0/STM32CubeIDE/plugins/com.st.stm32cube.ide.mcu.externaltools.gnu-tools-for-stm32.12.3.rel1.win32_1.0.200.202406191623/tools/bin/../lib/gcc/arm-none-eabi/12.3.1/../../../../arm-none-eabi/lib/thumb/v7e-m+fp/hard\libc_nano.a
LOAD C:/Program Files (x86)/STM32CubeIDE_1.16.0/STM32CubeIDE/plugins/com.st.stm32cube.ide.mcu.externaltools.gnu-tools-for-stm32.12.3.rel1.win32_1.0.200.202406191623/tools/bin/../lib/gcc/arm-none-eabi/12.3.1/../../../../arm-none-eabi/lib/thumb/v7e-m+fp/hard\libnosys.a
END GROUP
START GROUP
LOAD C:/Program Files (x86)/STM32CubeIDE_1.16.0/STM32CubeIDE/plugins/com.st.stm32cube.ide.mcu.externaltools.gnu-tools-for-stm32.12.3.rel1.win32_1.0.200.202406191623/tools/bin/../lib/gcc/arm-none-eabi/12.3.1/thumb/v7e-m+fp/hard\libgcc.a
LOAD C:/Program Files (x86)/STM32CubeIDE_1.16.0/STM32CubeIDE/plugins/com.st.stm32cube.ide.mcu.externaltools.gnu-tools-for-stm32.12.3.rel1.win32_1.0.200.202406191623/tools/bin/../lib/gcc/arm-none-eabi/12.3.1/../../../../arm-none-eabi/lib/thumb/v7e-m+fp/hard\libc_nano.a
LOAD C:/Program Files (x86)/STM32CubeIDE_1.16.0/STM32CubeIDE/plugins/com.st.stm32cube.ide.mcu.externaltools.gnu-tools-for-stm32.12.3.rel1.win32_1.0.200.202406191623/tools/bin/../lib/gcc/arm-none-eabi/12.3.1/../../../../arm-none-eabi/lib/thumb/v7e-m+fp/hard\libnosys.a
END GROUP
LOAD C:/Program Files (x86)/STM32CubeIDE_1.16.0/STM32CubeIDE/plugins/com.st.stm32cube.ide.mcu.externaltools.gnu-tools-for-stm32.12.3.rel1.win32_1.0.200.202406191623/tools/bin/../lib/gcc/arm-none-eabi/12.3.1/thumb/v7e-m+fp/hard/crtend.o
LOAD C:/Program Files (x86)/STM32CubeIDE_1.16.0/STM32CubeIDE/plugins/com.st.stm32cube.ide.mcu.externaltools.gnu-tools-for-stm32.12.3.rel1.win32_1.0.200.202406191623/tools/bin/../lib/gcc/arm-none-eabi/12.3.1/thumb/v7e-m+fp/hard/crtn.o
                0x20020000                        _estack = (ORIGIN (RAM) + LENGTH (RAM))
                0x00000200                        _Min_Heap_Size = 0x200
                0x00000400                        _Min_Stack_Size = 0x400

.isr_vector     0x08000000      0x1d8
                0x08000000                        . = ALIGN (0x4)
 *(.isr_vector)
 .isr_vector    0x08000000      0x1d8 ./Core/Startup/startup_stm32g474retx.o
                0x08000000                g_pfnVectors
                0x080001d8                        . = ALIGN (0x4)

.text           0x080001e0     0x4edc
                0x080001e0                        . = ALIGN (0x4)
 *(.text)
 .text          0x080001e0       0x40 C:/Program Files (x86)/STM32CubeIDE_1.16.0/STM32CubeIDE/plugins/com.st.stm32cube.ide.mcu.externaltools.gnu-tools-for-stm32.12.3.rel1.win32_1.0.200.202406191623/tools/bin/../lib/gcc/arm-none-eabi/12.3.1/thumb/v7e-m+fp/hard/crtbegin.o
 .text          0x08000220       0xa0 C:/Program Files (x86)/STM32CubeIDE_1.16.0/STM32CubeIDE/plugins/com.st.stm32cube.ide.mcu.externaltools.gnu-tools-for-stm32.12.3.rel1.win32_1.0.200.202406191623/tools/bin/../lib/gcc/arm-none-eabi/12.3.1/../../../../arm-none-eabi/lib/thumb/v7e-m+fp/hard\libc_nano.a(libc_a-memchr.o)
                0x08000220                memchr
 *(.text*)
 .text.Scan_Buttons
                0x080002c0       0xc0 ./Core/Src/button.o
                0x080002c0                Scan_Buttons
 .text.Check    0x08000380       0xb4 ./Core/Src/button.o
                0x08000380                Check
 .text.AllumerLed
                0x08000434       0x3c ./Core/Src/led.o
                0x08000434                AllumerLed
 .text.EteindreLed
                0x08000470       0x3c ./Core/Src/led.o
                0x08000470                EteindreLed
 .text.AllumerAll
                0x080004ac       0x28 ./Core/Src/led.o
                0x080004ac                AllumerAll
 .text.AllumerJ1
                0x080004d4       0x28 ./Core/Src/led.o
                0x080004d4                AllumerJ1
 .text.AllumerJ2
                0x080004fc       0x28 ./Core/Src/led.o
                0x080004fc                AllumerJ2
 .text.EteindreAll
                0x08000524       0x28 ./Core/Src/led.o
                0x08000524                EteindreAll
 .text.give_state_Led
                0x0800054c       0x24 ./Core/Src/led.o
                0x0800054c                give_state_Led
 .text.give_idJ_Led
                0x08000570       0x24 ./Core/Src/led.o
                0x08000570                give_idJ_Led
 .text.blinking_all
                0x08000594       0x4c ./Core/Src/led.o
                0x08000594                blinking_all
 .text.blinking_J1
                0x080005e0       0x4c ./Core/Src/led.o
                0x080005e0                blinking_J1
 .text.blinking_J2
                0x0800062c       0x4c ./Core/Src/led.o
                0x0800062c                blinking_J2
 .text.chenillard
                0x08000678       0x88 ./Core/Src/led.o
                0x08000678                chenillard
 .text.AnimationWait
                0x08000700       0x4c ./Core/Src/led.o
                0x08000700                AnimationWait
 .text.main     0x0800074c       0x22 ./Core/Src/main.o
                0x0800074c                main
 .text.SystemClock_Config
                0x0800076e       0x98 ./Core/Src/main.o
                0x0800076e                SystemClock_Config
 *fill*         0x08000806        0x2 
 .text.MX_TIM1_Init
                0x08000808      0x160 ./Core/Src/main.o
 .text.MX_DMA_Init
                0x08000968       0x54 ./Core/Src/main.o
 .text.MX_GPIO_Init
                0x080009bc      0x1f8 ./Core/Src/main.o
 .text.Error_Handler
                0x08000bb4        0xc ./Core/Src/main.o
                0x08000bb4                Error_Handler
 .text.eteindre_RGB_all
                0x08000bc0       0x44 ./Core/Src/rgb.o
                0x08000bc0                eteindre_RGB_all
 .text.HAL_MspInit
                0x08000c04       0x48 ./Core/Src/stm32g4xx_hal_msp.o
                0x08000c04                HAL_MspInit
 .text.HAL_TIM_Base_MspInit
                0x08000c4c       0x9c ./Core/Src/stm32g4xx_hal_msp.o
                0x08000c4c                HAL_TIM_Base_MspInit
 .text.HAL_TIM_MspPostInit
                0x08000ce8       0x70 ./Core/Src/stm32g4xx_hal_msp.o
                0x08000ce8                HAL_TIM_MspPostInit
 .text.NMI_Handler
                0x08000d58        0x8 ./Core/Src/stm32g4xx_it.o
                0x08000d58                NMI_Handler
 .text.HardFault_Handler
                0x08000d60        0x8 ./Core/Src/stm32g4xx_it.o
                0x08000d60                HardFault_Handler
 .text.MemManage_Handler
                0x08000d68        0x8 ./Core/Src/stm32g4xx_it.o
                0x08000d68                MemManage_Handler
 .text.BusFault_Handler
                0x08000d70        0x8 ./Core/Src/stm32g4xx_it.o
                0x08000d70                BusFault_Handler
 .text.UsageFault_Handler
                0x08000d78        0x8 ./Core/Src/stm32g4xx_it.o
                0x08000d78                UsageFault_Handler
 .text.SVC_Handler
                0x08000d80        0xe ./Core/Src/stm32g4xx_it.o
                0x08000d80                SVC_Handler
 .text.DebugMon_Handler
                0x08000d8e        0xe ./Core/Src/stm32g4xx_it.o
                0x08000d8e                DebugMon_Handler
 .text.PendSV_Handler
                0x08000d9c        0xe ./Core/Src/stm32g4xx_it.o
                0x08000d9c                PendSV_Handler
 .text.SysTick_Handler
                0x08000daa        0xc ./Core/Src/stm32g4xx_it.o
                0x08000daa                SysTick_Handler
 *fill*         0x08000db6        0x2 
 .text.DMA1_Channel1_IRQHandler
                0x08000db8       0x14 ./Core/Src/stm32g4xx_it.o
                0x08000db8                DMA1_Channel1_IRQHandler
 .text._getpid  0x08000dcc       0x10 ./Core/Src/syscalls.o
                0x08000dcc                _getpid
 .text._kill    0x08000ddc       0x20 ./Core/Src/syscalls.o
                0x08000ddc                _kill
 .text._exit    0x08000dfc       0x16 ./Core/Src/syscalls.o
                0x08000dfc                _exit
 .text._read    0x08000e12       0x3a ./Core/Src/syscalls.o
                0x08000e12                _read
 .text._write   0x08000e4c       0x38 ./Core/Src/syscalls.o
                0x08000e4c                _write
 .text._close   0x08000e84       0x18 ./Core/Src/syscalls.o
                0x08000e84                _close
 .text._fstat   0x08000e9c       0x20 ./Core/Src/syscalls.o
                0x08000e9c                _fstat
 .text._isatty  0x08000ebc       0x16 ./Core/Src/syscalls.o
                0x08000ebc                _isatty
 .text._lseek   0x08000ed2       0x1a ./Core/Src/syscalls.o
                0x08000ed2                _lseek
 .text._sbrk    0x08000eec       0x6c ./Core/Src/sysmem.o
                0x08000eec                _sbrk
 .text.SystemInit
                0x08000f58       0x24 ./Core/Src/system_stm32g4xx.o
                0x08000f58                SystemInit
 .text.random_idx_J1
                0x08000f7c       0x34 ./Core/Src/utils.o
                0x08000f7c                random_idx_J1
 .text.random_idx_J2
                0x08000fb0       0x38 ./Core/Src/utils.o
                0x08000fb0                random_idx_J2
 .text.SETUP    0x08000fe8       0x10 ./Core/Src/utils.o
                0x08000fe8                SETUP
 .text.LOOP     0x08000ff8       0xbc ./Core/Src/utils.o
                0x08000ff8                LOOP
 .text.Winner   0x080010b4       0x38 ./Core/Src/utils.o
                0x080010b4                Winner
 .text.Game     0x080010ec       0xc8 ./Core/Src/utils.o
                0x080010ec                Game
 .text.Reset_Handler
                0x080011b4       0x50 ./Core/Startup/startup_stm32g474retx.o
                0x080011b4                Reset_Handler
 .text.Default_Handler
                0x08001204        0x2 ./Core/Startup/startup_stm32g474retx.o
                0x08001204                RTC_Alarm_IRQHandler
                0x08001204                EXTI2_IRQHandler
                0x08001204                TIM8_TRG_COM_IRQHandler
                0x08001204                TIM8_CC_IRQHandler
                0x08001204                HRTIM1_Master_IRQHandler
                0x08001204                SPI4_IRQHandler
                0x08001204                FDCAN3_IT0_IRQHandler
                0x08001204                TIM1_CC_IRQHandler
                0x08001204                HRTIM1_FLT_IRQHandler
                0x08001204                HRTIM1_TIMF_IRQHandler
                0x08001204                USB_HP_IRQHandler
                0x08001204                CORDIC_IRQHandler
                0x08001204                HRTIM1_TIMD_IRQHandler
                0x08001204                DMA2_Channel8_IRQHandler
                0x08001204                EXTI3_IRQHandler
                0x08001204                I2C3_ER_IRQHandler
                0x08001204                EXTI0_IRQHandler
                0x08001204                I2C2_EV_IRQHandler
                0x08001204                FPU_IRQHandler
                0x08001204                FDCAN1_IT1_IRQHandler
                0x08001204                TIM1_UP_TIM16_IRQHandler
                0x08001204                ADC1_2_IRQHandler
                0x08001204                HRTIM1_TIME_IRQHandler
                0x08001204                SPI1_IRQHandler
                0x08001204                TIM6_DAC_IRQHandler
                0x08001204                HRTIM1_TIMC_IRQHandler
                0x08001204                TIM8_UP_IRQHandler
                0x08001204                DMA2_Channel2_IRQHandler
                0x08001204                DMA1_Channel4_IRQHandler
                0x08001204                TIM20_TRG_COM_IRQHandler
                0x08001204                USART3_IRQHandler
                0x08001204                DMA1_Channel7_IRQHandler
                0x08001204                UART5_IRQHandler
                0x08001204                ADC3_IRQHandler
                0x08001204                TIM4_IRQHandler
                0x08001204                DMA2_Channel1_IRQHandler
                0x08001204                QUADSPI_IRQHandler
                0x08001204                I2C1_EV_IRQHandler
                0x08001204                DMA1_Channel6_IRQHandler
                0x08001204                UART4_IRQHandler
                0x08001204                DMA2_Channel4_IRQHandler
                0x08001204                TIM3_IRQHandler
                0x08001204                RCC_IRQHandler
                0x08001204                TIM20_UP_IRQHandler
                0x08001204                Default_Handler
                0x08001204                DMA2_Channel7_IRQHandler
                0x08001204                RTC_TAMP_LSECSS_IRQHandler
                0x08001204                FMAC_IRQHandler
                0x08001204                EXTI15_10_IRQHandler
                0x08001204                DMA1_Channel8_IRQHandler
                0x08001204                HRTIM1_TIMA_IRQHandler
                0x08001204                TIM7_DAC_IRQHandler
                0x08001204                FDCAN3_IT1_IRQHandler
                0x08001204                TIM5_IRQHandler
                0x08001204                UCPD1_IRQHandler
                0x08001204                I2C3_EV_IRQHandler
                0x08001204                EXTI9_5_IRQHandler
                0x08001204                RTC_WKUP_IRQHandler
                0x08001204                PVD_PVM_IRQHandler
                0x08001204                SPI2_IRQHandler
                0x08001204                ADC5_IRQHandler
                0x08001204                DMA2_Channel5_IRQHandler
                0x08001204                CRS_IRQHandler
                0x08001204                DMA1_Channel5_IRQHandler
                0x08001204                USB_LP_IRQHandler
                0x08001204                EXTI4_IRQHandler
                0x08001204                RNG_IRQHandler
                0x08001204                HRTIM1_TIMB_IRQHandler
                0x08001204                TIM1_TRG_COM_TIM17_IRQHandler
                0x08001204                FDCAN2_IT1_IRQHandler
                0x08001204                DMA1_Channel3_IRQHandler
                0x08001204                ADC4_IRQHandler
                0x08001204                WWDG_IRQHandler
                0x08001204                I2C4_EV_IRQHandler
                0x08001204                FDCAN2_IT0_IRQHandler
                0x08001204                LPUART1_IRQHandler
                0x08001204                DMA2_Channel6_IRQHandler
                0x08001204                FDCAN1_IT0_IRQHandler
                0x08001204                TIM2_IRQHandler
                0x08001204                COMP7_IRQHandler
                0x08001204                COMP1_2_3_IRQHandler
                0x08001204                EXTI1_IRQHandler
                0x08001204                USART2_IRQHandler
                0x08001204                COMP4_5_6_IRQHandler
                0x08001204                TIM20_BRK_IRQHandler
                0x08001204                I2C2_ER_IRQHandler
                0x08001204                DMA1_Channel2_IRQHandler
                0x08001204                TIM8_BRK_IRQHandler
                0x08001204                FLASH_IRQHandler
                0x08001204                TIM20_CC_IRQHandler
                0x08001204                USART1_IRQHandler
                0x08001204                SPI3_IRQHandler
                0x08001204                I2C1_ER_IRQHandler
                0x08001204                FMC_IRQHandler
                0x08001204                LPTIM1_IRQHandler
                0x08001204                DMAMUX_OVR_IRQHandler
                0x08001204                I2C4_ER_IRQHandler
                0x08001204                USBWakeUp_IRQHandler
                0x08001204                SAI1_IRQHandler
                0x08001204                DMA2_Channel3_IRQHandler
                0x08001204                TIM1_BRK_TIM15_IRQHandler
 .text.HAL_Init
                0x08001206       0x30 ./Drivers/STM32G4xx_HAL_Driver/Src/stm32g4xx_hal.o
                0x08001206                HAL_Init
 *fill*         0x08001236        0x2 
 .text.HAL_InitTick
                0x08001238       0x74 ./Drivers/STM32G4xx_HAL_Driver/Src/stm32g4xx_hal.o
                0x08001238                HAL_InitTick
 .text.HAL_IncTick
                0x080012ac       0x24 ./Drivers/STM32G4xx_HAL_Driver/Src/stm32g4xx_hal.o
                0x080012ac                HAL_IncTick
 .text.HAL_GetTick
                0x080012d0       0x18 ./Drivers/STM32G4xx_HAL_Driver/Src/stm32g4xx_hal.o
                0x080012d0                HAL_GetTick
 .text.__NVIC_SetPriorityGrouping
                0x080012e8       0x48 ./Drivers/STM32G4xx_HAL_Driver/Src/stm32g4xx_hal_cortex.o
 .text.__NVIC_GetPriorityGrouping
                0x08001330       0x1c ./Drivers/STM32G4xx_HAL_Driver/Src/stm32g4xx_hal_cortex.o
 .text.__NVIC_EnableIRQ
                0x0800134c       0x3c ./Drivers/STM32G4xx_HAL_Driver/Src/stm32g4xx_hal_cortex.o
 .text.__NVIC_SetPriority
                0x08001388       0x54 ./Drivers/STM32G4xx_HAL_Driver/Src/stm32g4xx_hal_cortex.o
 .text.NVIC_EncodePriority
                0x080013dc       0x66 ./Drivers/STM32G4xx_HAL_Driver/Src/stm32g4xx_hal_cortex.o
 *fill*         0x08001442        0x2 
 .text.SysTick_Config
                0x08001444       0x44 ./Drivers/STM32G4xx_HAL_Driver/Src/stm32g4xx_hal_cortex.o
 .text.HAL_NVIC_SetPriorityGrouping
                0x08001488       0x16 ./Drivers/STM32G4xx_HAL_Driver/Src/stm32g4xx_hal_cortex.o
                0x08001488                HAL_NVIC_SetPriorityGrouping
 .text.HAL_NVIC_SetPriority
                0x0800149e       0x34 ./Drivers/STM32G4xx_HAL_Driver/Src/stm32g4xx_hal_cortex.o
                0x0800149e                HAL_NVIC_SetPriority
 .text.HAL_NVIC_EnableIRQ
                0x080014d2       0x1c ./Drivers/STM32G4xx_HAL_Driver/Src/stm32g4xx_hal_cortex.o
                0x080014d2                HAL_NVIC_EnableIRQ
 .text.HAL_SYSTICK_Config
                0x080014ee       0x18 ./Drivers/STM32G4xx_HAL_Driver/Src/stm32g4xx_hal_cortex.o
                0x080014ee                HAL_SYSTICK_Config
 *fill*         0x08001506        0x2 
 .text.HAL_DMA_Init
                0x08001508      0x150 ./Drivers/STM32G4xx_HAL_Driver/Src/stm32g4xx_hal_dma.o
                0x08001508                HAL_DMA_Init
 .text.HAL_DMA_Start_IT
                0x08001658       0xf6 ./Drivers/STM32G4xx_HAL_Driver/Src/stm32g4xx_hal_dma.o
                0x08001658                HAL_DMA_Start_IT
 .text.HAL_DMA_IRQHandler
                0x0800174e      0x15e ./Drivers/STM32G4xx_HAL_Driver/Src/stm32g4xx_hal_dma.o
                0x0800174e                HAL_DMA_IRQHandler
 .text.DMA_SetConfig
                0x080018ac       0x7c ./Drivers/STM32G4xx_HAL_Driver/Src/stm32g4xx_hal_dma.o
 .text.DMA_CalcDMAMUXChannelBaseAndMask
                0x08001928       0x90 ./Drivers/STM32G4xx_HAL_Driver/Src/stm32g4xx_hal_dma.o
 .text.DMA_CalcDMAMUXRequestGenBaseAndMask
                0x080019b8       0x4c ./Drivers/STM32G4xx_HAL_Driver/Src/stm32g4xx_hal_dma.o
 .text.HAL_GPIO_Init
                0x08001a04      0x318 ./Drivers/STM32G4xx_HAL_Driver/Src/stm32g4xx_hal_gpio.o
                0x08001a04                HAL_GPIO_Init
 .text.HAL_GPIO_ReadPin
                0x08001d1c       0x30 ./Drivers/STM32G4xx_HAL_Driver/Src/stm32g4xx_hal_gpio.o
                0x08001d1c                HAL_GPIO_ReadPin
 .text.HAL_GPIO_WritePin
                0x08001d4c       0x30 ./Drivers/STM32G4xx_HAL_Driver/Src/stm32g4xx_hal_gpio.o
                0x08001d4c                HAL_GPIO_WritePin
 .text.HAL_PWREx_ControlVoltageScaling
                0x08001d7c      0x148 ./Drivers/STM32G4xx_HAL_Driver/Src/stm32g4xx_hal_pwr_ex.o
                0x08001d7c                HAL_PWREx_ControlVoltageScaling
 .text.HAL_PWREx_DisableUCPDDeadBattery
                0x08001ec4       0x20 ./Drivers/STM32G4xx_HAL_Driver/Src/stm32g4xx_hal_pwr_ex.o
                0x08001ec4                HAL_PWREx_DisableUCPDDeadBattery
 .text.HAL_RCC_OscConfig
                0x08001ee4      0x624 ./Drivers/STM32G4xx_HAL_Driver/Src/stm32g4xx_hal_rcc.o
                0x08001ee4                HAL_RCC_OscConfig
 .text.HAL_RCC_ClockConfig
                0x08002508      0x278 ./Drivers/STM32G4xx_HAL_Driver/Src/stm32g4xx_hal_rcc.o
                0x08002508                HAL_RCC_ClockConfig
 .text.HAL_RCC_GetSysClockFreq
                0x08002780       0xc4 ./Drivers/STM32G4xx_HAL_Driver/Src/stm32g4xx_hal_rcc.o
                0x08002780                HAL_RCC_GetSysClockFreq
 .text.RCC_GetSysClockFreqFromPLLSource
                0x08002844       0x8c ./Drivers/STM32G4xx_HAL_Driver/Src/stm32g4xx_hal_rcc.o
 .text.HAL_TIM_Base_Init
                0x080028d0       0xae ./Drivers/STM32G4xx_HAL_Driver/Src/stm32g4xx_hal_tim.o
                0x080028d0                HAL_TIM_Base_Init
 .text.HAL_TIM_PWM_Init
                0x0800297e       0xae ./Drivers/STM32G4xx_HAL_Driver/Src/stm32g4xx_hal_tim.o
                0x0800297e                HAL_TIM_PWM_Init
 .text.HAL_TIM_PWM_MspInit
                0x08002a2c       0x14 ./Drivers/STM32G4xx_HAL_Driver/Src/stm32g4xx_hal_tim.o
                0x08002a2c                HAL_TIM_PWM_MspInit
 .text.HAL_TIM_PWM_Start_DMA
                0x08002a40      0x458 ./Drivers/STM32G4xx_HAL_Driver/Src/stm32g4xx_hal_tim.o
                0x08002a40                HAL_TIM_PWM_Start_DMA
 .text.HAL_TIM_PWM_ConfigChannel
                0x08002e98      0x228 ./Drivers/STM32G4xx_HAL_Driver/Src/stm32g4xx_hal_tim.o
                0x08002e98                HAL_TIM_PWM_ConfigChannel
 .text.HAL_TIM_ConfigClockSource
                0x080030c0      0x22c ./Drivers/STM32G4xx_HAL_Driver/Src/stm32g4xx_hal_tim.o
                0x080030c0                HAL_TIM_ConfigClockSource
 .text.HAL_TIM_PWM_PulseFinishedCallback
                0x080032ec       0x14 ./Drivers/STM32G4xx_HAL_Driver/Src/stm32g4xx_hal_tim.o
                0x080032ec                HAL_TIM_PWM_PulseFinishedCallback
 .text.HAL_TIM_PWM_PulseFinishedHalfCpltCallback
                0x08003300       0x14 ./Drivers/STM32G4xx_HAL_Driver/Src/stm32g4xx_hal_tim.o
                0x08003300                HAL_TIM_PWM_PulseFinishedHalfCpltCallback
 .text.HAL_TIM_ErrorCallback
                0x08003314       0x14 ./Drivers/STM32G4xx_HAL_Driver/Src/stm32g4xx_hal_tim.o
                0x08003314                HAL_TIM_ErrorCallback
 .text.TIM_DMAError
                0x08003328       0x92 ./Drivers/STM32G4xx_HAL_Driver/Src/stm32g4xx_hal_tim.o
                0x08003328                TIM_DMAError
 .text.TIM_DMADelayPulseCplt
                0x080033ba       0xa8 ./Drivers/STM32G4xx_HAL_Driver/Src/stm32g4xx_hal_tim.o
 .text.TIM_DMADelayPulseHalfCplt
                0x08003462       0x68 ./Drivers/STM32G4xx_HAL_Driver/Src/stm32g4xx_hal_tim.o
                0x08003462                TIM_DMADelayPulseHalfCplt
 *fill*         0x080034ca        0x2 
 .text.TIM_Base_SetConfig
                0x080034cc      0x15c ./Drivers/STM32G4xx_HAL_Driver/Src/stm32g4xx_hal_tim.o
                0x080034cc                TIM_Base_SetConfig
 .text.TIM_OC1_SetConfig
                0x08003628      0x138 ./Drivers/STM32G4xx_HAL_Driver/Src/stm32g4xx_hal_tim.o
 .text.TIM_OC2_SetConfig
                0x08003760      0x12c ./Drivers/STM32G4xx_HAL_Driver/Src/stm32g4xx_hal_tim.o
                0x08003760                TIM_OC2_SetConfig
 .text.TIM_OC3_SetConfig
                0x0800388c      0x128 ./Drivers/STM32G4xx_HAL_Driver/Src/stm32g4xx_hal_tim.o
 .text.TIM_OC4_SetConfig
                0x080039b4      0x12c ./Drivers/STM32G4xx_HAL_Driver/Src/stm32g4xx_hal_tim.o
 .text.TIM_OC5_SetConfig
                0x08003ae0       0xd4 ./Drivers/STM32G4xx_HAL_Driver/Src/stm32g4xx_hal_tim.o
 .text.TIM_OC6_SetConfig
                0x08003bb4       0xd8 ./Drivers/STM32G4xx_HAL_Driver/Src/stm32g4xx_hal_tim.o
 .text.TIM_TI1_ConfigInputStage
                0x08003c8c       0xb4 ./Drivers/STM32G4xx_HAL_Driver/Src/stm32g4xx_hal_tim.o
 .text.TIM_TI2_ConfigInputStage
                0x08003d40       0x90 ./Drivers/STM32G4xx_HAL_Driver/Src/stm32g4xx_hal_tim.o
 .text.TIM_ITRx_SetConfig
                0x08003dd0       0x3a ./Drivers/STM32G4xx_HAL_Driver/Src/stm32g4xx_hal_tim.o
 .text.TIM_ETR_SetConfig
                0x08003e0a       0x40 ./Drivers/STM32G4xx_HAL_Driver/Src/stm32g4xx_hal_tim.o
                0x08003e0a                TIM_ETR_SetConfig
 .text.TIM_CCxChannelCmd
                0x08003e4a       0x4a ./Drivers/STM32G4xx_HAL_Driver/Src/stm32g4xx_hal_tim.o
                0x08003e4a                TIM_CCxChannelCmd
 .text.HAL_TIMEx_MasterConfigSynchronization
                0x08003e94      0x12c ./Drivers/STM32G4xx_HAL_Driver/Src/stm32g4xx_hal_tim_ex.o
                0x08003e94                HAL_TIMEx_MasterConfigSynchronization
 .text.HAL_TIMEx_ConfigBreakDeadTime
                0x08003fc0      0x128 ./Drivers/STM32G4xx_HAL_Driver/Src/stm32g4xx_hal_tim_ex.o
                0x08003fc0                HAL_TIMEx_ConfigBreakDeadTime
 .text.rand     0x080040e8       0x7c C:/Program Files (x86)/STM32CubeIDE_1.16.0/STM32CubeIDE/plugins/com.st.stm32cube.ide.mcu.externaltools.gnu-tools-for-stm32.12.3.rel1.win32_1.0.200.202406191623/tools/bin/../lib/gcc/arm-none-eabi/12.3.1/../../../../arm-none-eabi/lib/thumb/v7e-m+fp/hard\libc_nano.a(libc_a-rand.o)
                0x080040e8                rand
 .text.std      0x08004164       0x6c C:/Program Files (x86)/STM32CubeIDE_1.16.0/STM32CubeIDE/plugins/com.st.stm32cube.ide.mcu.externaltools.gnu-tools-for-stm32.12.3.rel1.win32_1.0.200.202406191623/tools/bin/../lib/gcc/arm-none-eabi/12.3.1/../../../../arm-none-eabi/lib/thumb/v7e-m+fp/hard\libc_nano.a(libc_a-findfp.o)
 .text.stdio_exit_handler
                0x080041d0       0x18 C:/Program Files (x86)/STM32CubeIDE_1.16.0/STM32CubeIDE/plugins/com.st.stm32cube.ide.mcu.externaltools.gnu-tools-for-stm32.12.3.rel1.win32_1.0.200.202406191623/tools/bin/../lib/gcc/arm-none-eabi/12.3.1/../../../../arm-none-eabi/lib/thumb/v7e-m+fp/hard\libc_nano.a(libc_a-findfp.o)
 .text.cleanup_stdio
                0x080041e8       0x40 C:/Program Files (x86)/STM32CubeIDE_1.16.0/STM32CubeIDE/plugins/com.st.stm32cube.ide.mcu.externaltools.gnu-tools-for-stm32.12.3.rel1.win32_1.0.200.202406191623/tools/bin/../lib/gcc/arm-none-eabi/12.3.1/../../../../arm-none-eabi/lib/thumb/v7e-m+fp/hard\libc_nano.a(libc_a-findfp.o)
 .text.global_stdio_init.part.0
                0x08004228       0x3c C:/Program Files (x86)/STM32CubeIDE_1.16.0/STM32CubeIDE/plugins/com.st.stm32cube.ide.mcu.externaltools.gnu-tools-for-stm32.12.3.rel1.win32_1.0.200.202406191623/tools/bin/../lib/gcc/arm-none-eabi/12.3.1/../../../../arm-none-eabi/lib/thumb/v7e-m+fp/hard\libc_nano.a(libc_a-findfp.o)
 .text.__sfp_lock_acquire
                0x08004264        0xc C:/Program Files (x86)/STM32CubeIDE_1.16.0/STM32CubeIDE/plugins/com.st.stm32cube.ide.mcu.externaltools.gnu-tools-for-stm32.12.3.rel1.win32_1.0.200.202406191623/tools/bin/../lib/gcc/arm-none-eabi/12.3.1/../../../../arm-none-eabi/lib/thumb/v7e-m+fp/hard\libc_nano.a(libc_a-findfp.o)
                0x08004264                __sfp_lock_acquire
 .text.__sfp_lock_release
                0x08004270        0xc C:/Program Files (x86)/STM32CubeIDE_1.16.0/STM32CubeIDE/plugins/com.st.stm32cube.ide.mcu.externaltools.gnu-tools-for-stm32.12.3.rel1.win32_1.0.200.202406191623/tools/bin/../lib/gcc/arm-none-eabi/12.3.1/../../../../arm-none-eabi/lib/thumb/v7e-m+fp/hard\libc_nano.a(libc_a-findfp.o)
                0x08004270                __sfp_lock_release
 .text.__sinit  0x0800427c       0x30 C:/Program Files (x86)/STM32CubeIDE_1.16.0/STM32CubeIDE/plugins/com.st.stm32cube.ide.mcu.externaltools.gnu-tools-for-stm32.12.3.rel1.win32_1.0.200.202406191623/tools/bin/../lib/gcc/arm-none-eabi/12.3.1/../../../../arm-none-eabi/lib/thumb/v7e-m+fp/hard\libc_nano.a(libc_a-findfp.o)
                0x0800427c                __sinit
 .text._fwalk_sglue
                0x080042ac       0x3c C:/Program Files (x86)/STM32CubeIDE_1.16.0/STM32CubeIDE/plugins/com.st.stm32cube.ide.mcu.externaltools.gnu-tools-for-stm32.12.3.rel1.win32_1.0.200.202406191623/tools/bin/../lib/gcc/arm-none-eabi/12.3.1/../../../../arm-none-eabi/lib/thumb/v7e-m+fp/hard\libc_nano.a(libc_a-fwalk.o)
                0x080042ac                _fwalk_sglue
 .text.__sread  0x080042e8       0x22 C:/Program Files (x86)/STM32CubeIDE_1.16.0/STM32CubeIDE/plugins/com.st.stm32cube.ide.mcu.externaltools.gnu-tools-for-stm32.12.3.rel1.win32_1.0.200.202406191623/tools/bin/../lib/gcc/arm-none-eabi/12.3.1/../../../../arm-none-eabi/lib/thumb/v7e-m+fp/hard\libc_nano.a(libc_a-stdio.o)
                0x080042e8                __sread
 .text.__swrite
                0x0800430a       0x38 C:/Program Files (x86)/STM32CubeIDE_1.16.0/STM32CubeIDE/plugins/com.st.stm32cube.ide.mcu.externaltools.gnu-tools-for-stm32.12.3.rel1.win32_1.0.200.202406191623/tools/bin/../lib/gcc/arm-none-eabi/12.3.1/../../../../arm-none-eabi/lib/thumb/v7e-m+fp/hard\libc_nano.a(libc_a-stdio.o)
                0x0800430a                __swrite
 .text.__sseek  0x08004342       0x24 C:/Program Files (x86)/STM32CubeIDE_1.16.0/STM32CubeIDE/plugins/com.st.stm32cube.ide.mcu.externaltools.gnu-tools-for-stm32.12.3.rel1.win32_1.0.200.202406191623/tools/bin/../lib/gcc/arm-none-eabi/12.3.1/../../../../arm-none-eabi/lib/thumb/v7e-m+fp/hard\libc_nano.a(libc_a-stdio.o)
                0x08004342                __sseek
 .text.__sclose
                0x08004366        0x8 C:/Program Files (x86)/STM32CubeIDE_1.16.0/STM32CubeIDE/plugins/com.st.stm32cube.ide.mcu.externaltools.gnu-tools-for-stm32.12.3.rel1.win32_1.0.200.202406191623/tools/bin/../lib/gcc/arm-none-eabi/12.3.1/../../../../arm-none-eabi/lib/thumb/v7e-m+fp/hard\libc_nano.a(libc_a-stdio.o)
                0x08004366                __sclose
 .text.memset   0x0800436e       0x10 C:/Program Files (x86)/STM32CubeIDE_1.16.0/STM32CubeIDE/plugins/com.st.stm32cube.ide.mcu.externaltools.gnu-tools-for-stm32.12.3.rel1.win32_1.0.200.202406191623/tools/bin/../lib/gcc/arm-none-eabi/12.3.1/../../../../arm-none-eabi/lib/thumb/v7e-m+fp/hard\libc_nano.a(libc_a-memset.o)
                0x0800436e                memset
 *fill*         0x0800437e        0x2 
 .text._close_r
                0x08004380       0x20 C:/Program Files (x86)/STM32CubeIDE_1.16.0/STM32CubeIDE/plugins/com.st.stm32cube.ide.mcu.externaltools.gnu-tools-for-stm32.12.3.rel1.win32_1.0.200.202406191623/tools/bin/../lib/gcc/arm-none-eabi/12.3.1/../../../../arm-none-eabi/lib/thumb/v7e-m+fp/hard\libc_nano.a(libc_a-closer.o)
                0x08004380                _close_r
 .text._lseek_r
                0x080043a0       0x24 C:/Program Files (x86)/STM32CubeIDE_1.16.0/STM32CubeIDE/plugins/com.st.stm32cube.ide.mcu.externaltools.gnu-tools-for-stm32.12.3.rel1.win32_1.0.200.202406191623/tools/bin/../lib/gcc/arm-none-eabi/12.3.1/../../../../arm-none-eabi/lib/thumb/v7e-m+fp/hard\libc_nano.a(libc_a-lseekr.o)
                0x080043a0                _lseek_r
 .text._read_r  0x080043c4       0x24 C:/Program Files (x86)/STM32CubeIDE_1.16.0/STM32CubeIDE/plugins/com.st.stm32cube.ide.mcu.externaltools.gnu-tools-for-stm32.12.3.rel1.win32_1.0.200.202406191623/tools/bin/../lib/gcc/arm-none-eabi/12.3.1/../../../../arm-none-eabi/lib/thumb/v7e-m+fp/hard\libc_nano.a(libc_a-readr.o)
                0x080043c4                _read_r
 .text._write_r
                0x080043e8       0x24 C:/Program Files (x86)/STM32CubeIDE_1.16.0/STM32CubeIDE/plugins/com.st.stm32cube.ide.mcu.externaltools.gnu-tools-for-stm32.12.3.rel1.win32_1.0.200.202406191623/tools/bin/../lib/gcc/arm-none-eabi/12.3.1/../../../../arm-none-eabi/lib/thumb/v7e-m+fp/hard\libc_nano.a(libc_a-writer.o)
                0x080043e8                _write_r
 .text.__errno  0x0800440c        0xc C:/Program Files (x86)/STM32CubeIDE_1.16.0/STM32CubeIDE/plugins/com.st.stm32cube.ide.mcu.externaltools.gnu-tools-for-stm32.12.3.rel1.win32_1.0.200.202406191623/tools/bin/../lib/gcc/arm-none-eabi/12.3.1/../../../../arm-none-eabi/lib/thumb/v7e-m+fp/hard\libc_nano.a(libc_a-errno.o)
                0x0800440c                __errno
 .text.__libc_init_array
                0x08004418       0x48 C:/Program Files (x86)/STM32CubeIDE_1.16.0/STM32CubeIDE/plugins/com.st.stm32cube.ide.mcu.externaltools.gnu-tools-for-stm32.12.3.rel1.win32_1.0.200.202406191623/tools/bin/../lib/gcc/arm-none-eabi/12.3.1/../../../../arm-none-eabi/lib/thumb/v7e-m+fp/hard\libc_nano.a(libc_a-init.o)
                0x08004418                __libc_init_array
 .text.__retarget_lock_init_recursive
                0x08004460        0x2 C:/Program Files (x86)/STM32CubeIDE_1.16.0/STM32CubeIDE/plugins/com.st.stm32cube.ide.mcu.externaltools.gnu-tools-for-stm32.12.3.rel1.win32_1.0.200.202406191623/tools/bin/../lib/gcc/arm-none-eabi/12.3.1/../../../../arm-none-eabi/lib/thumb/v7e-m+fp/hard\libc_nano.a(libc_a-lock.o)
                0x08004460                __retarget_lock_init_recursive
 .text.__retarget_lock_acquire_recursive
                0x08004462        0x2 C:/Program Files (x86)/STM32CubeIDE_1.16.0/STM32CubeIDE/plugins/com.st.stm32cube.ide.mcu.externaltools.gnu-tools-for-stm32.12.3.rel1.win32_1.0.200.202406191623/tools/bin/../lib/gcc/arm-none-eabi/12.3.1/../../../../arm-none-eabi/lib/thumb/v7e-m+fp/hard\libc_nano.a(libc_a-lock.o)
                0x08004462                __retarget_lock_acquire_recursive
 .text.__retarget_lock_release_recursive
                0x08004464        0x2 C:/Program Files (x86)/STM32CubeIDE_1.16.0/STM32CubeIDE/plugins/com.st.stm32cube.ide.mcu.externaltools.gnu-tools-for-stm32.12.3.rel1.win32_1.0.200.202406191623/tools/bin/../lib/gcc/arm-none-eabi/12.3.1/../../../../arm-none-eabi/lib/thumb/v7e-m+fp/hard\libc_nano.a(libc_a-lock.o)
                0x08004464                __retarget_lock_release_recursive
 *fill*         0x08004466        0x2 
 .text.__assert_func
                0x08004468       0x3c C:/Program Files (x86)/STM32CubeIDE_1.16.0/STM32CubeIDE/plugins/com.st.stm32cube.ide.mcu.externaltools.gnu-tools-for-stm32.12.3.rel1.win32_1.0.200.202406191623/tools/bin/../lib/gcc/arm-none-eabi/12.3.1/../../../../arm-none-eabi/lib/thumb/v7e-m+fp/hard\libc_nano.a(libc_a-assert.o)
                0x08004468                __assert_func
 .text._free_r  0x080044a4       0x94 C:/Program Files (x86)/STM32CubeIDE_1.16.0/STM32CubeIDE/plugins/com.st.stm32cube.ide.mcu.externaltools.gnu-tools-for-stm32.12.3.rel1.win32_1.0.200.202406191623/tools/bin/../lib/gcc/arm-none-eabi/12.3.1/../../../../arm-none-eabi/lib/thumb/v7e-m+fp/hard\libc_nano.a(libc_a-freer.o)
                0x080044a4                _free_r
 .text.malloc   0x08004538       0x10 C:/Program Files (x86)/STM32CubeIDE_1.16.0/STM32CubeIDE/plugins/com.st.stm32cube.ide.mcu.externaltools.gnu-tools-for-stm32.12.3.rel1.win32_1.0.200.202406191623/tools/bin/../lib/gcc/arm-none-eabi/12.3.1/../../../../arm-none-eabi/lib/thumb/v7e-m+fp/hard\libc_nano.a(libc_a-malloc.o)
                0x08004538                malloc
 .text.sbrk_aligned
                0x08004548       0x44 C:/Program Files (x86)/STM32CubeIDE_1.16.0/STM32CubeIDE/plugins/com.st.stm32cube.ide.mcu.externaltools.gnu-tools-for-stm32.12.3.rel1.win32_1.0.200.202406191623/tools/bin/../lib/gcc/arm-none-eabi/12.3.1/../../../../arm-none-eabi/lib/thumb/v7e-m+fp/hard\libc_nano.a(libc_a-mallocr.o)
 .text._malloc_r
                0x0800458c      0x100 C:/Program Files (x86)/STM32CubeIDE_1.16.0/STM32CubeIDE/plugins/com.st.stm32cube.ide.mcu.externaltools.gnu-tools-for-stm32.12.3.rel1.win32_1.0.200.202406191623/tools/bin/../lib/gcc/arm-none-eabi/12.3.1/../../../../arm-none-eabi/lib/thumb/v7e-m+fp/hard\libc_nano.a(libc_a-mallocr.o)
                0x0800458c                _malloc_r
 .text.__malloc_lock
                0x0800468c        0xc C:/Program Files (x86)/STM32CubeIDE_1.16.0/STM32CubeIDE/plugins/com.st.stm32cube.ide.mcu.externaltools.gnu-tools-for-stm32.12.3.rel1.win32_1.0.200.202406191623/tools/bin/../lib/gcc/arm-none-eabi/12.3.1/../../../../arm-none-eabi/lib/thumb/v7e-m+fp/hard\libc_nano.a(libc_a-mlock.o)
                0x0800468c                __malloc_lock
 .text.__malloc_unlock
                0x08004698        0xc C:/Program Files (x86)/STM32CubeIDE_1.16.0/STM32CubeIDE/plugins/com.st.stm32cube.ide.mcu.externaltools.gnu-tools-for-stm32.12.3.rel1.win32_1.0.200.202406191623/tools/bin/../lib/gcc/arm-none-eabi/12.3.1/../../../../arm-none-eabi/lib/thumb/v7e-m+fp/hard\libc_nano.a(libc_a-mlock.o)
                0x08004698                __malloc_unlock
 .text.__sflush_r
                0x080046a4      0x108 C:/Program Files (x86)/STM32CubeIDE_1.16.0/STM32CubeIDE/plugins/com.st.stm32cube.ide.mcu.externaltools.gnu-tools-for-stm32.12.3.rel1.win32_1.0.200.202406191623/tools/bin/../lib/gcc/arm-none-eabi/12.3.1/../../../../arm-none-eabi/lib/thumb/v7e-m+fp/hard\libc_nano.a(libc_a-fflush.o)
                0x080046a4                __sflush_r
 .text._fflush_r
                0x080047ac       0x50 C:/Program Files (x86)/STM32CubeIDE_1.16.0/STM32CubeIDE/plugins/com.st.stm32cube.ide.mcu.externaltools.gnu-tools-for-stm32.12.3.rel1.win32_1.0.200.202406191623/tools/bin/../lib/gcc/arm-none-eabi/12.3.1/../../../../arm-none-eabi/lib/thumb/v7e-m+fp/hard\libc_nano.a(libc_a-fflush.o)
                0x080047ac                _fflush_r
 .text.fprintf  0x080047fc       0x24 C:/Program Files (x86)/STM32CubeIDE_1.16.0/STM32CubeIDE/plugins/com.st.stm32cube.ide.mcu.externaltools.gnu-tools-for-stm32.12.3.rel1.win32_1.0.200.202406191623/tools/bin/../lib/gcc/arm-none-eabi/12.3.1/../../../../arm-none-eabi/lib/thumb/v7e-m+fp/hard\libc_nano.a(libc_a-fprintf.o)
                0x080047fc                fiprintf
                0x080047fc                fprintf
 .text._sbrk_r  0x08004820       0x20 C:/Program Files (x86)/STM32CubeIDE_1.16.0/STM32CubeIDE/plugins/com.st.stm32cube.ide.mcu.externaltools.gnu-tools-for-stm32.12.3.rel1.win32_1.0.200.202406191623/tools/bin/../lib/gcc/arm-none-eabi/12.3.1/../../../../arm-none-eabi/lib/thumb/v7e-m+fp/hard\libc_nano.a(libc_a-sbrkr.o)
                0x08004820                _sbrk_r
 .text.abort    0x08004840        0xe C:/Program Files (x86)/STM32CubeIDE_1.16.0/STM32CubeIDE/plugins/com.st.stm32cube.ide.mcu.externaltools.gnu-tools-for-stm32.12.3.rel1.win32_1.0.200.202406191623/tools/bin/../lib/gcc/arm-none-eabi/12.3.1/../../../../arm-none-eabi/lib/thumb/v7e-m+fp/hard\libc_nano.a(libc_a-abort.o)
                0x08004840                abort
 .text.__sfputc_r
                0x0800484e       0x2e C:/Program Files (x86)/STM32CubeIDE_1.16.0/STM32CubeIDE/plugins/com.st.stm32cube.ide.mcu.externaltools.gnu-tools-for-stm32.12.3.rel1.win32_1.0.200.202406191623/tools/bin/../lib/gcc/arm-none-eabi/12.3.1/../../../../arm-none-eabi/lib/thumb/v7e-m+fp/hard\libc_nano.a(libc_a-nano-vfprintf.o)
 .text.__sfputs_r
                0x0800487c       0x24 C:/Program Files (x86)/STM32CubeIDE_1.16.0/STM32CubeIDE/plugins/com.st.stm32cube.ide.mcu.externaltools.gnu-tools-for-stm32.12.3.rel1.win32_1.0.200.202406191623/tools/bin/../lib/gcc/arm-none-eabi/12.3.1/../../../../arm-none-eabi/lib/thumb/v7e-m+fp/hard\libc_nano.a(libc_a-nano-vfprintf.o)
                0x0800487c                __sfputs_r
 .text._vfprintf_r
                0x080048a0      0x230 C:/Program Files (x86)/STM32CubeIDE_1.16.0/STM32CubeIDE/plugins/com.st.stm32cube.ide.mcu.externaltools.gnu-tools-for-stm32.12.3.rel1.win32_1.0.200.202406191623/tools/bin/../lib/gcc/arm-none-eabi/12.3.1/../../../../arm-none-eabi/lib/thumb/v7e-m+fp/hard\libc_nano.a(libc_a-nano-vfprintf.o)
                0x080048a0                _vfprintf_r
                0x080048a0                _vfiprintf_r
 .text._printf_common
                0x08004ad0       0xda C:/Program Files (x86)/STM32CubeIDE_1.16.0/STM32CubeIDE/plugins/com.st.stm32cube.ide.mcu.externaltools.gnu-tools-for-stm32.12.3.rel1.win32_1.0.200.202406191623/tools/bin/../lib/gcc/arm-none-eabi/12.3.1/../../../../arm-none-eabi/lib/thumb/v7e-m+fp/hard\libc_nano.a(libc_a-nano-vfprintf_i.o)
                0x08004ad0                _printf_common
 *fill*         0x08004baa        0x2 
 .text._printf_i
                0x08004bac      0x240 C:/Program Files (x86)/STM32CubeIDE_1.16.0/STM32CubeIDE/plugins/com.st.stm32cube.ide.mcu.externaltools.gnu-tools-for-stm32.12.3.rel1.win32_1.0.200.202406191623/tools/bin/../lib/gcc/arm-none-eabi/12.3.1/../../../../arm-none-eabi/lib/thumb/v7e-m+fp/hard\libc_nano.a(libc_a-nano-vfprintf_i.o)
                0x08004bac                _printf_i
 .text.__swbuf_r
                0x08004dec       0x7c C:/Program Files (x86)/STM32CubeIDE_1.16.0/STM32CubeIDE/plugins/com.st.stm32cube.ide.mcu.externaltools.gnu-tools-for-stm32.12.3.rel1.win32_1.0.200.202406191623/tools/bin/../lib/gcc/arm-none-eabi/12.3.1/../../../../arm-none-eabi/lib/thumb/v7e-m+fp/hard\libc_nano.a(libc_a-wbuf.o)
                0x08004dec                __swbuf_r
 .text.__swsetup_r
                0x08004e68       0xac C:/Program Files (x86)/STM32CubeIDE_1.16.0/STM32CubeIDE/plugins/com.st.stm32cube.ide.mcu.externaltools.gnu-tools-for-stm32.12.3.rel1.win32_1.0.200.202406191623/tools/bin/../lib/gcc/arm-none-eabi/12.3.1/../../../../arm-none-eabi/lib/thumb/v7e-m+fp/hard\libc_nano.a(libc_a-wsetup.o)
                0x08004e68                __swsetup_r
 .text._raise_r
                0x08004f14       0x50 C:/Program Files (x86)/STM32CubeIDE_1.16.0/STM32CubeIDE/plugins/com.st.stm32cube.ide.mcu.externaltools.gnu-tools-for-stm32.12.3.rel1.win32_1.0.200.202406191623/tools/bin/../lib/gcc/arm-none-eabi/12.3.1/../../../../arm-none-eabi/lib/thumb/v7e-m+fp/hard\libc_nano.a(libc_a-signal.o)
                0x08004f14                _raise_r
 .text.raise    0x08004f64       0x10 C:/Program Files (x86)/STM32CubeIDE_1.16.0/STM32CubeIDE/plugins/com.st.stm32cube.ide.mcu.externaltools.gnu-tools-for-stm32.12.3.rel1.win32_1.0.200.202406191623/tools/bin/../lib/gcc/arm-none-eabi/12.3.1/../../../../arm-none-eabi/lib/thumb/v7e-m+fp/hard\libc_nano.a(libc_a-signal.o)
                0x08004f64                raise
 .text._kill_r  0x08004f74       0x24 C:/Program Files (x86)/STM32CubeIDE_1.16.0/STM32CubeIDE/plugins/com.st.stm32cube.ide.mcu.externaltools.gnu-tools-for-stm32.12.3.rel1.win32_1.0.200.202406191623/tools/bin/../lib/gcc/arm-none-eabi/12.3.1/../../../../arm-none-eabi/lib/thumb/v7e-m+fp/hard\libc_nano.a(libc_a-signalr.o)
                0x08004f74                _kill_r
 .text._getpid_r
                0x08004f98        0x4 C:/Program Files (x86)/STM32CubeIDE_1.16.0/STM32CubeIDE/plugins/com.st.stm32cube.ide.mcu.externaltools.gnu-tools-for-stm32.12.3.rel1.win32_1.0.200.202406191623/tools/bin/../lib/gcc/arm-none-eabi/12.3.1/../../../../arm-none-eabi/lib/thumb/v7e-m+fp/hard\libc_nano.a(libc_a-signalr.o)
                0x08004f98                _getpid_r
 .text.__swhatbuf_r
                0x08004f9c       0x4c C:/Program Files (x86)/STM32CubeIDE_1.16.0/STM32CubeIDE/plugins/com.st.stm32cube.ide.mcu.externaltools.gnu-tools-for-stm32.12.3.rel1.win32_1.0.200.202406191623/tools/bin/../lib/gcc/arm-none-eabi/12.3.1/../../../../arm-none-eabi/lib/thumb/v7e-m+fp/hard\libc_nano.a(libc_a-makebuf.o)
                0x08004f9c                __swhatbuf_r
 .text.__smakebuf_r
                0x08004fe8       0x78 C:/Program Files (x86)/STM32CubeIDE_1.16.0/STM32CubeIDE/plugins/com.st.stm32cube.ide.mcu.externaltools.gnu-tools-for-stm32.12.3.rel1.win32_1.0.200.202406191623/tools/bin/../lib/gcc/arm-none-eabi/12.3.1/../../../../arm-none-eabi/lib/thumb/v7e-m+fp/hard\libc_nano.a(libc_a-makebuf.o)
                0x08004fe8                __smakebuf_r
 .text._fstat_r
                0x08005060       0x24 C:/Program Files (x86)/STM32CubeIDE_1.16.0/STM32CubeIDE/plugins/com.st.stm32cube.ide.mcu.externaltools.gnu-tools-for-stm32.12.3.rel1.win32_1.0.200.202406191623/tools/bin/../lib/gcc/arm-none-eabi/12.3.1/../../../../arm-none-eabi/lib/thumb/v7e-m+fp/hard\libc_nano.a(libc_a-fstatr.o)
                0x08005060                _fstat_r
 .text._isatty_r
                0x08005084       0x20 C:/Program Files (x86)/STM32CubeIDE_1.16.0/STM32CubeIDE/plugins/com.st.stm32cube.ide.mcu.externaltools.gnu-tools-for-stm32.12.3.rel1.win32_1.0.200.202406191623/tools/bin/../lib/gcc/arm-none-eabi/12.3.1/../../../../arm-none-eabi/lib/thumb/v7e-m+fp/hard\libc_nano.a(libc_a-isattyr.o)
                0x08005084                _isatty_r
 *(.glue_7)
 .glue_7        0x080050a4        0x0 linker stubs
 *(.glue_7t)
 .glue_7t       0x080050a4        0x0 linker stubs
 *(.eh_frame)
 .eh_frame      0x080050a4        0x0 C:/Program Files (x86)/STM32CubeIDE_1.16.0/STM32CubeIDE/plugins/com.st.stm32cube.ide.mcu.externaltools.gnu-tools-for-stm32.12.3.rel1.win32_1.0.200.202406191623/tools/bin/../lib/gcc/arm-none-eabi/12.3.1/thumb/v7e-m+fp/hard/crtbegin.o
 *(.init)
 .init          0x080050a4        0x4 C:/Program Files (x86)/STM32CubeIDE_1.16.0/STM32CubeIDE/plugins/com.st.stm32cube.ide.mcu.externaltools.gnu-tools-for-stm32.12.3.rel1.win32_1.0.200.202406191623/tools/bin/../lib/gcc/arm-none-eabi/12.3.1/thumb/v7e-m+fp/hard/crti.o
                0x080050a4                _init
 .init          0x080050a8        0x8 C:/Program Files (x86)/STM32CubeIDE_1.16.0/STM32CubeIDE/plugins/com.st.stm32cube.ide.mcu.externaltools.gnu-tools-for-stm32.12.3.rel1.win32_1.0.200.202406191623/tools/bin/../lib/gcc/arm-none-eabi/12.3.1/thumb/v7e-m+fp/hard/crtn.o
 *(.fini)
 .fini          0x080050b0        0x4 C:/Program Files (x86)/STM32CubeIDE_1.16.0/STM32CubeIDE/plugins/com.st.stm32cube.ide.mcu.externaltools.gnu-tools-for-stm32.12.3.rel1.win32_1.0.200.202406191623/tools/bin/../lib/gcc/arm-none-eabi/12.3.1/thumb/v7e-m+fp/hard/crti.o
                0x080050b0                _fini
 .fini          0x080050b4        0x8 C:/Program Files (x86)/STM32CubeIDE_1.16.0/STM32CubeIDE/plugins/com.st.stm32cube.ide.mcu.externaltools.gnu-tools-for-stm32.12.3.rel1.win32_1.0.200.202406191623/tools/bin/../lib/gcc/arm-none-eabi/12.3.1/thumb/v7e-m+fp/hard/crtn.o
                0x080050bc                        . = ALIGN (0x4)
                0x080050bc                        _etext = .

.vfp11_veneer   0x080050bc        0x0
 .vfp11_veneer  0x080050bc        0x0 linker stubs

.v4_bx          0x080050bc        0x0
 .v4_bx         0x080050bc        0x0 linker stubs

.iplt           0x080050bc        0x0
 .iplt          0x080050bc        0x0 C:/Program Files (x86)/STM32CubeIDE_1.16.0/STM32CubeIDE/plugins/com.st.stm32cube.ide.mcu.externaltools.gnu-tools-for-stm32.12.3.rel1.win32_1.0.200.202406191623/tools/bin/../lib/gcc/arm-none-eabi/12.3.1/thumb/v7e-m+fp/hard/crtbegin.o

.rodata         0x080050bc      0x170
                0x080050bc                        . = ALIGN (0x4)
 *(.rodata)
 *(.rodata*)
 .rodata.COLONNES
                0x080050bc       0x80 ./Core/Src/led.o
 .rodata.AHBPrescTable
                0x0800513c       0x10 ./Core/Src/system_stm32g4xx.o
                0x0800513c                AHBPrescTable
 .rodata.srand.str1.1
                0x0800514c       0x6f C:/Program Files (x86)/STM32CubeIDE_1.16.0/STM32CubeIDE/plugins/com.st.stm32cube.ide.mcu.externaltools.gnu-tools-for-stm32.12.3.rel1.win32_1.0.200.202406191623/tools/bin/../lib/gcc/arm-none-eabi/12.3.1/../../../../arm-none-eabi/lib/thumb/v7e-m+fp/hard\libc_nano.a(libc_a-rand.o)
 .rodata.__assert_func.str1.1
                0x080051bb       0x3c C:/Program Files (x86)/STM32CubeIDE_1.16.0/STM32CubeIDE/plugins/com.st.stm32cube.ide.mcu.externaltools.gnu-tools-for-stm32.12.3.rel1.win32_1.0.200.202406191623/tools/bin/../lib/gcc/arm-none-eabi/12.3.1/../../../../arm-none-eabi/lib/thumb/v7e-m+fp/hard\libc_nano.a(libc_a-assert.o)
                                 0x3d (size before relaxing)
 .rodata._vfprintf_r.str1.1
                0x080051f7       0x11 C:/Program Files (x86)/STM32CubeIDE_1.16.0/STM32CubeIDE/plugins/com.st.stm32cube.ide.mcu.externaltools.gnu-tools-for-stm32.12.3.rel1.win32_1.0.200.202406191623/tools/bin/../lib/gcc/arm-none-eabi/12.3.1/../../../../arm-none-eabi/lib/thumb/v7e-m+fp/hard\libc_nano.a(libc_a-nano-vfprintf.o)
 .rodata._printf_i.str1.1
                0x08005208       0x22 C:/Program Files (x86)/STM32CubeIDE_1.16.0/STM32CubeIDE/plugins/com.st.stm32cube.ide.mcu.externaltools.gnu-tools-for-stm32.12.3.rel1.win32_1.0.200.202406191623/tools/bin/../lib/gcc/arm-none-eabi/12.3.1/../../../../arm-none-eabi/lib/thumb/v7e-m+fp/hard\libc_nano.a(libc_a-nano-vfprintf_i.o)
                0x0800522c                        . = ALIGN (0x4)
 *fill*         0x0800522a        0x2 

.ARM.extab      0x0800522c        0x0
                0x0800522c                        . = ALIGN (0x4)
 *(.ARM.extab* .gnu.linkonce.armextab.*)
                0x0800522c                        . = ALIGN (0x4)

.ARM            0x0800522c        0x8
                0x0800522c                        . = ALIGN (0x4)
                0x0800522c                        __exidx_start = .
 *(.ARM.exidx*)
 .ARM.exidx     0x0800522c        0x8 C:/Program Files (x86)/STM32CubeIDE_1.16.0/STM32CubeIDE/plugins/com.st.stm32cube.ide.mcu.externaltools.gnu-tools-for-stm32.12.3.rel1.win32_1.0.200.202406191623/tools/bin/../lib/gcc/arm-none-eabi/12.3.1/../../../../arm-none-eabi/lib/thumb/v7e-m+fp/hard\libc_nano.a(libc_a-memchr.o)
                0x08005234                        __exidx_end = .
                0x08005234                        . = ALIGN (0x4)

.preinit_array  0x08005234        0x0
                0x08005234                        . = ALIGN (0x4)
                0x08005234                        PROVIDE (__preinit_array_start = .)
 *(.preinit_array*)
                0x08005234                        PROVIDE (__preinit_array_end = .)
                0x08005234                        . = ALIGN (0x4)

.init_array     0x08005234        0x4
                0x08005234                        . = ALIGN (0x4)
                0x08005234                        PROVIDE (__init_array_start = .)
 *(SORT_BY_NAME(.init_array.*))
 *(.init_array*)
 .init_array    0x08005234        0x4 C:/Program Files (x86)/STM32CubeIDE_1.16.0/STM32CubeIDE/plugins/com.st.stm32cube.ide.mcu.externaltools.gnu-tools-for-stm32.12.3.rel1.win32_1.0.200.202406191623/tools/bin/../lib/gcc/arm-none-eabi/12.3.1/thumb/v7e-m+fp/hard/crtbegin.o
                0x08005238                        PROVIDE (__init_array_end = .)
                0x08005238                        . = ALIGN (0x4)

.fini_array     0x08005238        0x4
                0x08005238                        . = ALIGN (0x4)
                [!provide]                        PROVIDE (__fini_array_start = .)
 *(SORT_BY_NAME(.fini_array.*))
 *(.fini_array*)
 .fini_array    0x08005238        0x4 C:/Program Files (x86)/STM32CubeIDE_1.16.0/STM32CubeIDE/plugins/com.st.stm32cube.ide.mcu.externaltools.gnu-tools-for-stm32.12.3.rel1.win32_1.0.200.202406191623/tools/bin/../lib/gcc/arm-none-eabi/12.3.1/thumb/v7e-m+fp/hard/crtbegin.o
                [!provide]                        PROVIDE (__fini_array_end = .)
                0x0800523c                        . = ALIGN (0x4)
                0x0800523c                        _sidata = LOADADDR (.data)

.rel.dyn        0x0800523c        0x0
 .rel.iplt      0x0800523c        0x0 C:/Program Files (x86)/STM32CubeIDE_1.16.0/STM32CubeIDE/plugins/com.st.stm32cube.ide.mcu.externaltools.gnu-tools-for-stm32.12.3.rel1.win32_1.0.200.202406191623/tools/bin/../lib/gcc/arm-none-eabi/12.3.1/thumb/v7e-m+fp/hard/crtbegin.o

.data           0x20000000      0x200 load address 0x0800523c
                0x20000000                        . = ALIGN (0x4)
                0x20000000                        _sdata = .
 *(.data)
 *(.data*)
 .data.Boutons  0x20000000       0xf0 ./Core/Src/button.o
                0x20000000                Boutons
 .data.Leds     0x200000f0       0xa0 ./Core/Src/led.o
                0x200000f0                Leds
 .data.SystemCoreClock
                0x20000190        0x4 ./Core/Src/system_stm32g4xx.o
                0x20000190                SystemCoreClock
 .data.time_over
                0x20000194        0x4 ./Core/Src/utils.o
                0x20000194                time_over
 .data.Mode     0x20000198        0x1 ./Core/Src/utils.o
                0x20000198                Mode
 *fill*         0x20000199        0x3 
 .data.uwTickPrio
                0x2000019c        0x4 ./Drivers/STM32G4xx_HAL_Driver/Src/stm32g4xx_hal.o
                0x2000019c                uwTickPrio
 .data.uwTickFreq
                0x200001a0        0x4 ./Drivers/STM32G4xx_HAL_Driver/Src/stm32g4xx_hal.o
                0x200001a0                uwTickFreq
 .data.__sglue  0x200001a4        0xc C:/Program Files (x86)/STM32CubeIDE_1.16.0/STM32CubeIDE/plugins/com.st.stm32cube.ide.mcu.externaltools.gnu-tools-for-stm32.12.3.rel1.win32_1.0.200.202406191623/tools/bin/../lib/gcc/arm-none-eabi/12.3.1/../../../../arm-none-eabi/lib/thumb/v7e-m+fp/hard\libc_nano.a(libc_a-findfp.o)
                0x200001a4                __sglue
 .data._impure_ptr
                0x200001b0        0x4 C:/Program Files (x86)/STM32CubeIDE_1.16.0/STM32CubeIDE/plugins/com.st.stm32cube.ide.mcu.externaltools.gnu-tools-for-stm32.12.3.rel1.win32_1.0.200.202406191623/tools/bin/../lib/gcc/arm-none-eabi/12.3.1/../../../../arm-none-eabi/lib/thumb/v7e-m+fp/hard\libc_nano.a(libc_a-impure.o)
                0x200001b0                _impure_ptr
 .data._impure_data
                0x200001b4       0x4c C:/Program Files (x86)/STM32CubeIDE_1.16.0/STM32CubeIDE/plugins/com.st.stm32cube.ide.mcu.externaltools.gnu-tools-for-stm32.12.3.rel1.win32_1.0.200.202406191623/tools/bin/../lib/gcc/arm-none-eabi/12.3.1/../../../../arm-none-eabi/lib/thumb/v7e-m+fp/hard\libc_nano.a(libc_a-impure.o)
                0x200001b4                _impure_data
 *(.RamFunc)
 *(.RamFunc*)
                0x20000200                        . = ALIGN (0x4)
                0x20000200                        _edata = .

.igot.plt       0x20000200        0x0 load address 0x0800543c
 .igot.plt      0x20000200        0x0 C:/Program Files (x86)/STM32CubeIDE_1.16.0/STM32CubeIDE/plugins/com.st.stm32cube.ide.mcu.externaltools.gnu-tools-for-stm32.12.3.rel1.win32_1.0.200.202406191623/tools/bin/../lib/gcc/arm-none-eabi/12.3.1/thumb/v7e-m+fp/hard/crtbegin.o
                0x20000200                        . = ALIGN (0x4)

.bss            0x20000200      0xd50 load address 0x0800543c
                0x20000200                        _sbss = .
                0x20000200                        __bss_start__ = _sbss
 *(.bss)
 .bss           0x20000200       0x1c C:/Program Files (x86)/STM32CubeIDE_1.16.0/STM32CubeIDE/plugins/com.st.stm32cube.ide.mcu.externaltools.gnu-tools-for-stm32.12.3.rel1.win32_1.0.200.202406191623/tools/bin/../lib/gcc/arm-none-eabi/12.3.1/thumb/v7e-m+fp/hard/crtbegin.o
 *(.bss*)
 .bss.last_tick.13
                0x2000021c        0x4 ./Core/Src/led.o
 .bss.led_is_on.12
                0x20000220        0x1 ./Core/Src/led.o
 *fill*         0x20000221        0x3 
 .bss.last_tick.11
                0x20000224        0x4 ./Core/Src/led.o
 .bss.led_is_on.10
                0x20000228        0x1 ./Core/Src/led.o
 *fill*         0x20000229        0x3 
 .bss.last_tick.9
                0x2000022c        0x4 ./Core/Src/led.o
 .bss.led_is_on.8
                0x20000230        0x1 ./Core/Src/led.o
 *fill*         0x20000231        0x3 
 .bss.last_tick.7
                0x20000234        0x4 ./Core/Src/led.o
 .bss.col_index.6
                0x20000238        0x4 ./Core/Src/led.o
 .bss.htim1     0x2000023c       0x4c ./Core/Src/main.o
                0x2000023c                htim1
 .bss.hdma_tim1_ch1
                0x20000288       0x60 ./Core/Src/main.o
                0x20000288                hdma_tim1_ch1
 .bss.led_buffer
                0x200002e8      0xaf8 ./Core/Src/rgb.o
                0x200002e8                led_buffer
 .bss.__sbrk_heap_end
                0x20000de0        0x4 ./Core/Src/sysmem.o
 .bss.State     0x20000de4        0x1 ./Core/Src/utils.o
                0x20000de4                State
 *fill*         0x20000de5        0x3 
 .bss.gameStartTime
                0x20000de8        0x4 ./Core/Src/utils.o
                0x20000de8                gameStartTime
 .bss.Led_Time  0x20000dec        0x4 ./Core/Src/utils.o
                0x20000dec                Led_Time
 .bss.scoreJ1   0x20000df0        0x4 ./Core/Src/utils.o
                0x20000df0                scoreJ1
 .bss.scoreJ2   0x20000df4        0x4 ./Core/Src/utils.o
                0x20000df4                scoreJ2
 .bss.index1    0x20000df8        0x4 ./Core/Src/utils.o
                0x20000df8                index1
 .bss.index2    0x20000dfc        0x4 ./Core/Src/utils.o
                0x20000dfc                index2
 .bss.uwTick    0x20000e00        0x4 ./Drivers/STM32G4xx_HAL_Driver/Src/stm32g4xx_hal.o
                0x20000e00                uwTick
 .bss.__sf      0x20000e04      0x138 C:/Program Files (x86)/STM32CubeIDE_1.16.0/STM32CubeIDE/plugins/com.st.stm32cube.ide.mcu.externaltools.gnu-tools-for-stm32.12.3.rel1.win32_1.0.200.202406191623/tools/bin/../lib/gcc/arm-none-eabi/12.3.1/../../../../arm-none-eabi/lib/thumb/v7e-m+fp/hard\libc_nano.a(libc_a-findfp.o)
                0x20000e04                __sf
 .bss.__stdio_exit_handler
                0x20000f3c        0x4 C:/Program Files (x86)/STM32CubeIDE_1.16.0/STM32CubeIDE/plugins/com.st.stm32cube.ide.mcu.externaltools.gnu-tools-for-stm32.12.3.rel1.win32_1.0.200.202406191623/tools/bin/../lib/gcc/arm-none-eabi/12.3.1/../../../../arm-none-eabi/lib/thumb/v7e-m+fp/hard\libc_nano.a(libc_a-findfp.o)
                0x20000f3c                __stdio_exit_handler
 .bss.errno     0x20000f40        0x4 C:/Program Files (x86)/STM32CubeIDE_1.16.0/STM32CubeIDE/plugins/com.st.stm32cube.ide.mcu.externaltools.gnu-tools-for-stm32.12.3.rel1.win32_1.0.200.202406191623/tools/bin/../lib/gcc/arm-none-eabi/12.3.1/../../../../arm-none-eabi/lib/thumb/v7e-m+fp/hard\libc_nano.a(libc_a-reent.o)
                0x20000f40                errno
 .bss.__lock___malloc_recursive_mutex
                0x20000f44        0x1 C:/Program Files (x86)/STM32CubeIDE_1.16.0/STM32CubeIDE/plugins/com.st.stm32cube.ide.mcu.externaltools.gnu-tools-for-stm32.12.3.rel1.win32_1.0.200.202406191623/tools/bin/../lib/gcc/arm-none-eabi/12.3.1/../../../../arm-none-eabi/lib/thumb/v7e-m+fp/hard\libc_nano.a(libc_a-lock.o)
                0x20000f44                __lock___malloc_recursive_mutex
 .bss.__lock___sfp_recursive_mutex
                0x20000f45        0x1 C:/Program Files (x86)/STM32CubeIDE_1.16.0/STM32CubeIDE/plugins/com.st.stm32cube.ide.mcu.externaltools.gnu-tools-for-stm32.12.3.rel1.win32_1.0.200.202406191623/tools/bin/../lib/gcc/arm-none-eabi/12.3.1/../../../../arm-none-eabi/lib/thumb/v7e-m+fp/hard\libc_nano.a(libc_a-lock.o)
                0x20000f45                __lock___sfp_recursive_mutex
 *fill*         0x20000f46        0x2 
 .bss.__malloc_sbrk_start
                0x20000f48        0x4 C:/Program Files (x86)/STM32CubeIDE_1.16.0/STM32CubeIDE/plugins/com.st.stm32cube.ide.mcu.externaltools.gnu-tools-for-stm32.12.3.rel1.win32_1.0.200.202406191623/tools/bin/../lib/gcc/arm-none-eabi/12.3.1/../../../../arm-none-eabi/lib/thumb/v7e-m+fp/hard\libc_nano.a(libc_a-mallocr.o)
                0x20000f48                __malloc_sbrk_start
 .bss.__malloc_free_list
                0x20000f4c        0x4 C:/Program Files (x86)/STM32CubeIDE_1.16.0/STM32CubeIDE/plugins/com.st.stm32cube.ide.mcu.externaltools.gnu-tools-for-stm32.12.3.rel1.win32_1.0.200.202406191623/tools/bin/../lib/gcc/arm-none-eabi/12.3.1/../../../../arm-none-eabi/lib/thumb/v7e-m+fp/hard\libc_nano.a(libc_a-mallocr.o)
                0x20000f4c                __malloc_free_list
 *(COMMON)
                0x20000f50                        . = ALIGN (0x4)
                0x20000f50                        _ebss = .
                0x20000f50                        __bss_end__ = _ebss

._user_heap_stack
                0x20000f50      0x600 load address 0x0800543c
                0x20000f50                        . = ALIGN (0x8)
                [!provide]                        PROVIDE (end = .)
                0x20000f50                        PROVIDE (_end = .)
                0x20001150                        . = (. + _Min_Heap_Size)
 *fill*         0x20000f50      0x200 
                0x20001550                        . = (. + _Min_Stack_Size)
 *fill*         0x20001150      0x400 
                0x20001550                        . = ALIGN (0x8)

/DISCARD/
 libc.a(*)
 libm.a(*)
 libgcc.a(*)

.ARM.attributes
                0x00000000       0x30
 *(.ARM.attributes)
 .ARM.attributes
                0x00000000       0x22 C:/Program Files (x86)/STM32CubeIDE_1.16.0/STM32CubeIDE/plugins/com.st.stm32cube.ide.mcu.externaltools.gnu-tools-for-stm32.12.3.rel1.win32_1.0.200.202406191623/tools/bin/../lib/gcc/arm-none-eabi/12.3.1/thumb/v7e-m+fp/hard/crti.o
 .ARM.attributes
                0x00000022       0x34 C:/Program Files (x86)/STM32CubeIDE_1.16.0/STM32CubeIDE/plugins/com.st.stm32cube.ide.mcu.externaltools.gnu-tools-for-stm32.12.3.rel1.win32_1.0.200.202406191623/tools/bin/../lib/gcc/arm-none-eabi/12.3.1/thumb/v7e-m+fp/hard/crtbegin.o
 .ARM.attributes
                0x00000056       0x34 ./Core/Src/button.o
 .ARM.attributes
                0x0000008a       0x34 ./Core/Src/led.o
 .ARM.attributes
                0x000000be       0x34 ./Core/Src/main.o
 .ARM.attributes
                0x000000f2       0x34 ./Core/Src/rgb.o
 .ARM.attributes
                0x00000126       0x34 ./Core/Src/stm32g4xx_hal_msp.o
 .ARM.attributes
                0x0000015a       0x34 ./Core/Src/stm32g4xx_it.o
 .ARM.attributes
                0x0000018e       0x34 ./Core/Src/syscalls.o
 .ARM.attributes
                0x000001c2       0x34 ./Core/Src/sysmem.o
 .ARM.attributes
                0x000001f6       0x34 ./Core/Src/system_stm32g4xx.o
 .ARM.attributes
                0x0000022a       0x34 ./Core/Src/utils.o
 .ARM.attributes
                0x0000025e       0x21 ./Core/Startup/startup_stm32g474retx.o
 .ARM.attributes
                0x0000027f       0x34 ./Drivers/STM32G4xx_HAL_Driver/Src/stm32g4xx_hal.o
 .ARM.attributes
                0x000002b3       0x34 ./Drivers/STM32G4xx_HAL_Driver/Src/stm32g4xx_hal_cortex.o
 .ARM.attributes
                0x000002e7       0x34 ./Drivers/STM32G4xx_HAL_Driver/Src/stm32g4xx_hal_dma.o
 .ARM.attributes
                0x0000031b       0x34 ./Drivers/STM32G4xx_HAL_Driver/Src/stm32g4xx_hal_gpio.o
 .ARM.attributes
                0x0000034f       0x34 ./Drivers/STM32G4xx_HAL_Driver/Src/stm32g4xx_hal_pwr_ex.o
 .ARM.attributes
                0x00000383       0x34 ./Drivers/STM32G4xx_HAL_Driver/Src/stm32g4xx_hal_rcc.o
 .ARM.attributes
                0x000003b7       0x34 ./Drivers/STM32G4xx_HAL_Driver/Src/stm32g4xx_hal_tim.o
 .ARM.attributes
                0x000003eb       0x34 ./Drivers/STM32G4xx_HAL_Driver/Src/stm32g4xx_hal_tim_ex.o
 .ARM.attributes
                0x0000041f       0x34 C:/Program Files (x86)/STM32CubeIDE_1.16.0/STM32CubeIDE/plugins/com.st.stm32cube.ide.mcu.externaltools.gnu-tools-for-stm32.12.3.rel1.win32_1.0.200.202406191623/tools/bin/../lib/gcc/arm-none-eabi/12.3.1/../../../../arm-none-eabi/lib/thumb/v7e-m+fp/hard\libc_nano.a(libc_a-rand.o)
 .ARM.attributes
                0x00000453       0x34 C:/Program Files (x86)/STM32CubeIDE_1.16.0/STM32CubeIDE/plugins/com.st.stm32cube.ide.mcu.externaltools.gnu-tools-for-stm32.12.3.rel1.win32_1.0.200.202406191623/tools/bin/../lib/gcc/arm-none-eabi/12.3.1/../../../../arm-none-eabi/lib/thumb/v7e-m+fp/hard\libc_nano.a(libc_a-findfp.o)
 .ARM.attributes
                0x00000487       0x34 C:/Program Files (x86)/STM32CubeIDE_1.16.0/STM32CubeIDE/plugins/com.st.stm32cube.ide.mcu.externaltools.gnu-tools-for-stm32.12.3.rel1.win32_1.0.200.202406191623/tools/bin/../lib/gcc/arm-none-eabi/12.3.1/../../../../arm-none-eabi/lib/thumb/v7e-m+fp/hard\libc_nano.a(libc_a-fwalk.o)
 .ARM.attributes
                0x000004bb       0x34 C:/Program Files (x86)/STM32CubeIDE_1.16.0/STM32CubeIDE/plugins/com.st.stm32cube.ide.mcu.externaltools.gnu-tools-for-stm32.12.3.rel1.win32_1.0.200.202406191623/tools/bin/../lib/gcc/arm-none-eabi/12.3.1/../../../../arm-none-eabi/lib/thumb/v7e-m+fp/hard\libc_nano.a(libc_a-stdio.o)
 .ARM.attributes
                0x000004ef       0x34 C:/Program Files (x86)/STM32CubeIDE_1.16.0/STM32CubeIDE/plugins/com.st.stm32cube.ide.mcu.externaltools.gnu-tools-for-stm32.12.3.rel1.win32_1.0.200.202406191623/tools/bin/../lib/gcc/arm-none-eabi/12.3.1/../../../../arm-none-eabi/lib/thumb/v7e-m+fp/hard\libc_nano.a(libc_a-memset.o)
 .ARM.attributes
                0x00000523       0x34 C:/Program Files (x86)/STM32CubeIDE_1.16.0/STM32CubeIDE/plugins/com.st.stm32cube.ide.mcu.externaltools.gnu-tools-for-stm32.12.3.rel1.win32_1.0.200.202406191623/tools/bin/../lib/gcc/arm-none-eabi/12.3.1/../../../../arm-none-eabi/lib/thumb/v7e-m+fp/hard\libc_nano.a(libc_a-closer.o)
 .ARM.attributes
                0x00000557       0x34 C:/Program Files (x86)/STM32CubeIDE_1.16.0/STM32CubeIDE/plugins/com.st.stm32cube.ide.mcu.externaltools.gnu-tools-for-stm32.12.3.rel1.win32_1.0.200.202406191623/tools/bin/../lib/gcc/arm-none-eabi/12.3.1/../../../../arm-none-eabi/lib/thumb/v7e-m+fp/hard\libc_nano.a(libc_a-reent.o)
 .ARM.attributes
                0x0000058b       0x34 C:/Program Files (x86)/STM32CubeIDE_1.16.0/STM32CubeIDE/plugins/com.st.stm32cube.ide.mcu.externaltools.gnu-tools-for-stm32.12.3.rel1.win32_1.0.200.202406191623/tools/bin/../lib/gcc/arm-none-eabi/12.3.1/../../../../arm-none-eabi/lib/thumb/v7e-m+fp/hard\libc_nano.a(libc_a-impure.o)
 .ARM.attributes
                0x000005bf       0x34 C:/Program Files (x86)/STM32CubeIDE_1.16.0/STM32CubeIDE/plugins/com.st.stm32cube.ide.mcu.externaltools.gnu-tools-for-stm32.12.3.rel1.win32_1.0.200.202406191623/tools/bin/../lib/gcc/arm-none-eabi/12.3.1/../../../../arm-none-eabi/lib/thumb/v7e-m+fp/hard\libc_nano.a(libc_a-lseekr.o)
 .ARM.attributes
                0x000005f3       0x34 C:/Program Files (x86)/STM32CubeIDE_1.16.0/STM32CubeIDE/plugins/com.st.stm32cube.ide.mcu.externaltools.gnu-tools-for-stm32.12.3.rel1.win32_1.0.200.202406191623/tools/bin/../lib/gcc/arm-none-eabi/12.3.1/../../../../arm-none-eabi/lib/thumb/v7e-m+fp/hard\libc_nano.a(libc_a-readr.o)
 .ARM.attributes
                0x00000627       0x34 C:/Program Files (x86)/STM32CubeIDE_1.16.0/STM32CubeIDE/plugins/com.st.stm32cube.ide.mcu.externaltools.gnu-tools-for-stm32.12.3.rel1.win32_1.0.200.202406191623/tools/bin/../lib/gcc/arm-none-eabi/12.3.1/../../../../arm-none-eabi/lib/thumb/v7e-m+fp/hard\libc_nano.a(libc_a-writer.o)
 .ARM.attributes
                0x0000065b       0x34 C:/Program Files (x86)/STM32CubeIDE_1.16.0/STM32CubeIDE/plugins/com.st.stm32cube.ide.mcu.externaltools.gnu-tools-for-stm32.12.3.rel1.win32_1.0.200.202406191623/tools/bin/../lib/gcc/arm-none-eabi/12.3.1/../../../../arm-none-eabi/lib/thumb/v7e-m+fp/hard\libc_nano.a(libc_a-errno.o)
 .ARM.attributes
                0x0000068f       0x34 C:/Program Files (x86)/STM32CubeIDE_1.16.0/STM32CubeIDE/plugins/com.st.stm32cube.ide.mcu.externaltools.gnu-tools-for-stm32.12.3.rel1.win32_1.0.200.202406191623/tools/bin/../lib/gcc/arm-none-eabi/12.3.1/../../../../arm-none-eabi/lib/thumb/v7e-m+fp/hard\libc_nano.a(libc_a-init.o)
 .ARM.attributes
                0x000006c3       0x34 C:/Program Files (x86)/STM32CubeIDE_1.16.0/STM32CubeIDE/plugins/com.st.stm32cube.ide.mcu.externaltools.gnu-tools-for-stm32.12.3.rel1.win32_1.0.200.202406191623/tools/bin/../lib/gcc/arm-none-eabi/12.3.1/../../../../arm-none-eabi/lib/thumb/v7e-m+fp/hard\libc_nano.a(libc_a-lock.o)
 .ARM.attributes
                0x000006f7       0x34 C:/Program Files (x86)/STM32CubeIDE_1.16.0/STM32CubeIDE/plugins/com.st.stm32cube.ide.mcu.externaltools.gnu-tools-for-stm32.12.3.rel1.win32_1.0.200.202406191623/tools/bin/../lib/gcc/arm-none-eabi/12.3.1/../../../../arm-none-eabi/lib/thumb/v7e-m+fp/hard\libc_nano.a(libc_a-assert.o)
 .ARM.attributes
                0x0000072b       0x34 C:/Program Files (x86)/STM32CubeIDE_1.16.0/STM32CubeIDE/plugins/com.st.stm32cube.ide.mcu.externaltools.gnu-tools-for-stm32.12.3.rel1.win32_1.0.200.202406191623/tools/bin/../lib/gcc/arm-none-eabi/12.3.1/../../../../arm-none-eabi/lib/thumb/v7e-m+fp/hard\libc_nano.a(libc_a-freer.o)
 .ARM.attributes
                0x0000075f       0x34 C:/Program Files (x86)/STM32CubeIDE_1.16.0/STM32CubeIDE/plugins/com.st.stm32cube.ide.mcu.externaltools.gnu-tools-for-stm32.12.3.rel1.win32_1.0.200.202406191623/tools/bin/../lib/gcc/arm-none-eabi/12.3.1/../../../../arm-none-eabi/lib/thumb/v7e-m+fp/hard\libc_nano.a(libc_a-malloc.o)
 .ARM.attributes
                0x00000793       0x34 C:/Program Files (x86)/STM32CubeIDE_1.16.0/STM32CubeIDE/plugins/com.st.stm32cube.ide.mcu.externaltools.gnu-tools-for-stm32.12.3.rel1.win32_1.0.200.202406191623/tools/bin/../lib/gcc/arm-none-eabi/12.3.1/../../../../arm-none-eabi/lib/thumb/v7e-m+fp/hard\libc_nano.a(libc_a-mallocr.o)
 .ARM.attributes
                0x000007c7       0x34 C:/Program Files (x86)/STM32CubeIDE_1.16.0/STM32CubeIDE/plugins/com.st.stm32cube.ide.mcu.externaltools.gnu-tools-for-stm32.12.3.rel1.win32_1.0.200.202406191623/tools/bin/../lib/gcc/arm-none-eabi/12.3.1/../../../../arm-none-eabi/lib/thumb/v7e-m+fp/hard\libc_nano.a(libc_a-mlock.o)
 .ARM.attributes
                0x000007fb       0x34 C:/Program Files (x86)/STM32CubeIDE_1.16.0/STM32CubeIDE/plugins/com.st.stm32cube.ide.mcu.externaltools.gnu-tools-for-stm32.12.3.rel1.win32_1.0.200.202406191623/tools/bin/../lib/gcc/arm-none-eabi/12.3.1/../../../../arm-none-eabi/lib/thumb/v7e-m+fp/hard\libc_nano.a(libc_a-fflush.o)
 .ARM.attributes
                0x0000082f       0x34 C:/Program Files (x86)/STM32CubeIDE_1.16.0/STM32CubeIDE/plugins/com.st.stm32cube.ide.mcu.externaltools.gnu-tools-for-stm32.12.3.rel1.win32_1.0.200.202406191623/tools/bin/../lib/gcc/arm-none-eabi/12.3.1/../../../../arm-none-eabi/lib/thumb/v7e-m+fp/hard\libc_nano.a(libc_a-fprintf.o)
 .ARM.attributes
                0x00000863       0x34 C:/Program Files (x86)/STM32CubeIDE_1.16.0/STM32CubeIDE/plugins/com.st.stm32cube.ide.mcu.externaltools.gnu-tools-for-stm32.12.3.rel1.win32_1.0.200.202406191623/tools/bin/../lib/gcc/arm-none-eabi/12.3.1/../../../../arm-none-eabi/lib/thumb/v7e-m+fp/hard\libc_nano.a(libc_a-sbrkr.o)
 .ARM.attributes
                0x00000897       0x34 C:/Program Files (x86)/STM32CubeIDE_1.16.0/STM32CubeIDE/plugins/com.st.stm32cube.ide.mcu.externaltools.gnu-tools-for-stm32.12.3.rel1.win32_1.0.200.202406191623/tools/bin/../lib/gcc/arm-none-eabi/12.3.1/../../../../arm-none-eabi/lib/thumb/v7e-m+fp/hard\libc_nano.a(libc_a-abort.o)
 .ARM.attributes
                0x000008cb       0x34 C:/Program Files (x86)/STM32CubeIDE_1.16.0/STM32CubeIDE/plugins/com.st.stm32cube.ide.mcu.externaltools.gnu-tools-for-stm32.12.3.rel1.win32_1.0.200.202406191623/tools/bin/../lib/gcc/arm-none-eabi/12.3.1/../../../../arm-none-eabi/lib/thumb/v7e-m+fp/hard\libc_nano.a(libc_a-nano-vfprintf.o)
 .ARM.attributes
                0x000008ff       0x34 C:/Program Files (x86)/STM32CubeIDE_1.16.0/STM32CubeIDE/plugins/com.st.stm32cube.ide.mcu.externaltools.gnu-tools-for-stm32.12.3.rel1.win32_1.0.200.202406191623/tools/bin/../lib/gcc/arm-none-eabi/12.3.1/../../../../arm-none-eabi/lib/thumb/v7e-m+fp/hard\libc_nano.a(libc_a-nano-vfprintf_i.o)
 .ARM.attributes
                0x00000933       0x34 C:/Program Files (x86)/STM32CubeIDE_1.16.0/STM32CubeIDE/plugins/com.st.stm32cube.ide.mcu.externaltools.gnu-tools-for-stm32.12.3.rel1.win32_1.0.200.202406191623/tools/bin/../lib/gcc/arm-none-eabi/12.3.1/../../../../arm-none-eabi/lib/thumb/v7e-m+fp/hard\libc_nano.a(libc_a-wbuf.o)
 .ARM.attributes
                0x00000967       0x34 C:/Program Files (x86)/STM32CubeIDE_1.16.0/STM32CubeIDE/plugins/com.st.stm32cube.ide.mcu.externaltools.gnu-tools-for-stm32.12.3.rel1.win32_1.0.200.202406191623/tools/bin/../lib/gcc/arm-none-eabi/12.3.1/../../../../arm-none-eabi/lib/thumb/v7e-m+fp/hard\libc_nano.a(libc_a-wsetup.o)
 .ARM.attributes
                0x0000099b       0x34 C:/Program Files (x86)/STM32CubeIDE_1.16.0/STM32CubeIDE/plugins/com.st.stm32cube.ide.mcu.externaltools.gnu-tools-for-stm32.12.3.rel1.win32_1.0.200.202406191623/tools/bin/../lib/gcc/arm-none-eabi/12.3.1/../../../../arm-none-eabi/lib/thumb/v7e-m+fp/hard\libc_nano.a(libc_a-signal.o)
 .ARM.attributes
                0x000009cf       0x34 C:/Program Files (x86)/STM32CubeIDE_1.16.0/STM32CubeIDE/plugins/com.st.stm32cube.ide.mcu.externaltools.gnu-tools-for-stm32.12.3.rel1.win32_1.0.200.202406191623/tools/bin/../lib/gcc/arm-none-eabi/12.3.1/../../../../arm-none-eabi/lib/thumb/v7e-m+fp/hard\libc_nano.a(libc_a-signalr.o)
 .ARM.attributes
                0x00000a03       0x1c C:/Program Files (x86)/STM32CubeIDE_1.16.0/STM32CubeIDE/plugins/com.st.stm32cube.ide.mcu.externaltools.gnu-tools-for-stm32.12.3.rel1.win32_1.0.200.202406191623/tools/bin/../lib/gcc/arm-none-eabi/12.3.1/../../../../arm-none-eabi/lib/thumb/v7e-m+fp/hard\libc_nano.a(libc_a-memchr.o)
 .ARM.attributes
                0x00000a1f       0x34 C:/Program Files (x86)/STM32CubeIDE_1.16.0/STM32CubeIDE/plugins/com.st.stm32cube.ide.mcu.externaltools.gnu-tools-for-stm32.12.3.rel1.win32_1.0.200.202406191623/tools/bin/../lib/gcc/arm-none-eabi/12.3.1/../../../../arm-none-eabi/lib/thumb/v7e-m+fp/hard\libc_nano.a(libc_a-makebuf.o)
 .ARM.attributes
                0x00000a53       0x34 C:/Program Files (x86)/STM32CubeIDE_1.16.0/STM32CubeIDE/plugins/com.st.stm32cube.ide.mcu.externaltools.gnu-tools-for-stm32.12.3.rel1.win32_1.0.200.202406191623/tools/bin/../lib/gcc/arm-none-eabi/12.3.1/../../../../arm-none-eabi/lib/thumb/v7e-m+fp/hard\libc_nano.a(libc_a-fstatr.o)
 .ARM.attributes
                0x00000a87       0x34 C:/Program Files (x86)/STM32CubeIDE_1.16.0/STM32CubeIDE/plugins/com.st.stm32cube.ide.mcu.externaltools.gnu-tools-for-stm32.12.3.rel1.win32_1.0.200.202406191623/tools/bin/../lib/gcc/arm-none-eabi/12.3.1/../../../../arm-none-eabi/lib/thumb/v7e-m+fp/hard\libc_nano.a(libc_a-isattyr.o)
 .ARM.attributes
                0x00000abb       0x22 C:/Program Files (x86)/STM32CubeIDE_1.16.0/STM32CubeIDE/plugins/com.st.stm32cube.ide.mcu.externaltools.gnu-tools-for-stm32.12.3.rel1.win32_1.0.200.202406191623/tools/bin/../lib/gcc/arm-none-eabi/12.3.1/thumb/v7e-m+fp/hard/crtn.o
OUTPUT(CatchTheLight.elf elf32-littlearm)
LOAD linker stubs
LOAD C:/Program Files (x86)/STM32CubeIDE_1.16.0/STM32CubeIDE/plugins/com.st.stm32cube.ide.mcu.externaltools.gnu-tools-for-stm32.12.3.rel1.win32_1.0.200.202406191623/tools/bin/../lib/gcc/arm-none-eabi/12.3.1/../../../../arm-none-eabi/lib/thumb/v7e-m+fp/hard\libc.a
LOAD C:/Program Files (x86)/STM32CubeIDE_1.16.0/STM32CubeIDE/plugins/com.st.stm32cube.ide.mcu.externaltools.gnu-tools-for-stm32.12.3.rel1.win32_1.0.200.202406191623/tools/bin/../lib/gcc/arm-none-eabi/12.3.1/../../../../arm-none-eabi/lib/thumb/v7e-m+fp/hard\libm.a
LOAD C:/Program Files (x86)/STM32CubeIDE_1.16.0/STM32CubeIDE/plugins/com.st.stm32cube.ide.mcu.externaltools.gnu-tools-for-stm32.12.3.rel1.win32_1.0.200.202406191623/tools/bin/../lib/gcc/arm-none-eabi/12.3.1/thumb/v7e-m+fp/hard\libgcc.a

.debug_info     0x00000000     0xd986
 .debug_info    0x00000000      0x393 ./Core/Src/button.o
 .debug_info    0x00000393      0x6c6 ./Core/Src/led.o
 .debug_info    0x00000a59     0x14df ./Core/Src/main.o
 .debug_info    0x00001f38      0xe5a ./Core/Src/rgb.o
 .debug_info    0x00002d92      0xcbc ./Core/Src/stm32g4xx_hal_msp.o
 .debug_info    0x00003a4e      0x472 ./Core/Src/stm32g4xx_it.o
 .debug_info    0x00003ec0      0x6a3 ./Core/Src/syscalls.o
 .debug_info    0x00004563      0x168 ./Core/Src/sysmem.o
 .debug_info    0x000046cb      0x58e ./Core/Src/system_stm32g4xx.o
 .debug_info    0x00004c59      0x47a ./Core/Src/utils.o
 .debug_info    0x000050d3       0x30 ./Core/Startup/startup_stm32g474retx.o
 .debug_info    0x00005103      0xb95 ./Drivers/STM32G4xx_HAL_Driver/Src/stm32g4xx_hal.o
 .debug_info    0x00005c98      0xdf9 ./Drivers/STM32G4xx_HAL_Driver/Src/stm32g4xx_hal_cortex.o
 .debug_info    0x00006a91      0x85f ./Drivers/STM32G4xx_HAL_Driver/Src/stm32g4xx_hal_dma.o
 .debug_info    0x000072f0      0x772 ./Drivers/STM32G4xx_HAL_Driver/Src/stm32g4xx_hal_gpio.o
 .debug_info    0x00007a62      0x944 ./Drivers/STM32G4xx_HAL_Driver/Src/stm32g4xx_hal_pwr_ex.o
 .debug_info    0x000083a6      0xbf9 ./Drivers/STM32G4xx_HAL_Driver/Src/stm32g4xx_hal_rcc.o
 .debug_info    0x00008f9f     0x2c52 ./Drivers/STM32G4xx_HAL_Driver/Src/stm32g4xx_hal_tim.o
 .debug_info    0x0000bbf1     0x1d95 ./Drivers/STM32G4xx_HAL_Driver/Src/stm32g4xx_hal_tim_ex.o

.debug_abbrev   0x00000000     0x2701
 .debug_abbrev  0x00000000      0x1f8 ./Core/Src/button.o
 .debug_abbrev  0x000001f8      0x237 ./Core/Src/led.o
 .debug_abbrev  0x0000042f      0x2f0 ./Core/Src/main.o
 .debug_abbrev  0x0000071f      0x2e0 ./Core/Src/rgb.o
 .debug_abbrev  0x000009ff      0x23d ./Core/Src/stm32g4xx_hal_msp.o
 .debug_abbrev  0x00000c3c      0x16a ./Core/Src/stm32g4xx_it.o
 .debug_abbrev  0x00000da6      0x1b6 ./Core/Src/syscalls.o
 .debug_abbrev  0x00000f5c       0xbc ./Core/Src/sysmem.o
 .debug_abbrev  0x00001018      0x11a ./Core/Src/system_stm32g4xx.o
 .debug_abbrev  0x00001132      0x209 ./Core/Src/utils.o
 .debug_abbrev  0x0000133b       0x24 ./Core/Startup/startup_stm32g474retx.o
 .debug_abbrev  0x0000135f      0x271 ./Drivers/STM32G4xx_HAL_Driver/Src/stm32g4xx_hal.o
 .debug_abbrev  0x000015d0      0x31c ./Drivers/STM32G4xx_HAL_Driver/Src/stm32g4xx_hal_cortex.o
 .debug_abbrev  0x000018ec      0x1e2 ./Drivers/STM32G4xx_HAL_Driver/Src/stm32g4xx_hal_dma.o
 .debug_abbrev  0x00001ace      0x1d2 ./Drivers/STM32G4xx_HAL_Driver/Src/stm32g4xx_hal_gpio.o
 .debug_abbrev  0x00001ca0      0x22c ./Drivers/STM32G4xx_HAL_Driver/Src/stm32g4xx_hal_pwr_ex.o
 .debug_abbrev  0x00001ecc      0x2c9 ./Drivers/STM32G4xx_HAL_Driver/Src/stm32g4xx_hal_rcc.o
 .debug_abbrev  0x00002195      0x2a7 ./Drivers/STM32G4xx_HAL_Driver/Src/stm32g4xx_hal_tim.o
 .debug_abbrev  0x0000243c      0x2c5 ./Drivers/STM32G4xx_HAL_Driver/Src/stm32g4xx_hal_tim_ex.o

.debug_aranges  0x00000000      0xef8
 .debug_aranges
                0x00000000       0x30 ./Core/Src/button.o
 .debug_aranges
                0x00000030       0x98 ./Core/Src/led.o
 .debug_aranges
                0x000000c8       0x48 ./Core/Src/main.o
 .debug_aranges
                0x00000110       0x88 ./Core/Src/rgb.o
 .debug_aranges
                0x00000198       0x38 ./Core/Src/stm32g4xx_hal_msp.o
 .debug_aranges
                0x000001d0       0x68 ./Core/Src/stm32g4xx_it.o
 .debug_aranges
                0x00000238       0xa8 ./Core/Src/syscalls.o
 .debug_aranges
                0x000002e0       0x20 ./Core/Src/sysmem.o
 .debug_aranges
                0x00000300       0x28 ./Core/Src/system_stm32g4xx.o
 .debug_aranges
                0x00000328       0x58 ./Core/Src/utils.o
 .debug_aranges
                0x00000380       0x28 ./Core/Startup/startup_stm32g474retx.o
 .debug_aranges
                0x000003a8      0x148 ./Drivers/STM32G4xx_HAL_Driver/Src/stm32g4xx_hal.o
 .debug_aranges
                0x000004f0      0x128 ./Drivers/STM32G4xx_HAL_Driver/Src/stm32g4xx_hal_cortex.o
 .debug_aranges
                0x00000618       0x90 ./Drivers/STM32G4xx_HAL_Driver/Src/stm32g4xx_hal_dma.o
 .debug_aranges
                0x000006a8       0x58 ./Drivers/STM32G4xx_HAL_Driver/Src/stm32g4xx_hal_gpio.o
 .debug_aranges
                0x00000700      0x140 ./Drivers/STM32G4xx_HAL_Driver/Src/stm32g4xx_hal_pwr_ex.o
 .debug_aranges
                0x00000840       0x98 ./Drivers/STM32G4xx_HAL_Driver/Src/stm32g4xx_hal_rcc.o
 .debug_aranges
                0x000008d8      0x3e0 ./Drivers/STM32G4xx_HAL_Driver/Src/stm32g4xx_hal_tim.o
 .debug_aranges
                0x00000cb8      0x240 ./Drivers/STM32G4xx_HAL_Driver/Src/stm32g4xx_hal_tim_ex.o

.debug_rnglists
                0x00000000      0xb7b
 .debug_rnglists
                0x00000000       0x22 ./Core/Src/button.o
 .debug_rnglists
                0x00000022       0x71 ./Core/Src/led.o
 .debug_rnglists
                0x00000093       0x34 ./Core/Src/main.o
 .debug_rnglists
                0x000000c7       0x6d ./Core/Src/rgb.o
 .debug_rnglists
                0x00000134       0x26 ./Core/Src/stm32g4xx_hal_msp.o
 .debug_rnglists
                0x0000015a       0x49 ./Core/Src/stm32g4xx_it.o
 .debug_rnglists
                0x000001a3       0x79 ./Core/Src/syscalls.o
 .debug_rnglists
                0x0000021c       0x13 ./Core/Src/sysmem.o
 .debug_rnglists
                0x0000022f       0x1a ./Core/Src/system_stm32g4xx.o
 .debug_rnglists
                0x00000249       0x3f ./Core/Src/utils.o
 .debug_rnglists
                0x00000288       0x19 ./Core/Startup/startup_stm32g474retx.o
 .debug_rnglists
                0x000002a1       0xf1 ./Drivers/STM32G4xx_HAL_Driver/Src/stm32g4xx_hal.o
 .debug_rnglists
                0x00000392       0xda ./Drivers/STM32G4xx_HAL_Driver/Src/stm32g4xx_hal_cortex.o
 .debug_rnglists
                0x0000046c       0x72 ./Drivers/STM32G4xx_HAL_Driver/Src/stm32g4xx_hal_dma.o
 .debug_rnglists
                0x000004de       0x3f ./Drivers/STM32G4xx_HAL_Driver/Src/stm32g4xx_hal_gpio.o
 .debug_rnglists
                0x0000051d       0xf1 ./Drivers/STM32G4xx_HAL_Driver/Src/stm32g4xx_hal_pwr_ex.o
 .debug_rnglists
                0x0000060e       0x74 ./Drivers/STM32G4xx_HAL_Driver/Src/stm32g4xx_hal_rcc.o
 .debug_rnglists
                0x00000682      0x32d ./Drivers/STM32G4xx_HAL_Driver/Src/stm32g4xx_hal_tim.o
 .debug_rnglists
                0x000009af      0x1cc ./Drivers/STM32G4xx_HAL_Driver/Src/stm32g4xx_hal_tim_ex.o

.debug_macro    0x00000000    0x273b5
 .debug_macro   0x00000000      0x382 ./Core/Src/button.o
 .debug_macro   0x00000382      0xab4 ./Core/Src/button.o
 .debug_macro   0x00000e36      0x155 ./Core/Src/button.o
 .debug_macro   0x00000f8b       0x2e ./Core/Src/button.o
 .debug_macro   0x00000fb9       0x28 ./Core/Src/button.o
 .debug_macro   0x00000fe1       0x22 ./Core/Src/button.o
 .debug_macro   0x00001003       0x8e ./Core/Src/button.o
 .debug_macro   0x00001091       0x51 ./Core/Src/button.o
 .debug_macro   0x000010e2      0x103 ./Core/Src/button.o
 .debug_macro   0x000011e5       0x6a ./Core/Src/button.o
 .debug_macro   0x0000124f      0x1df ./Core/Src/button.o
 .debug_macro   0x0000142e       0x1c ./Core/Src/button.o
 .debug_macro   0x0000144a       0x22 ./Core/Src/button.o
 .debug_macro   0x0000146c       0xfb ./Core/Src/button.o
 .debug_macro   0x00001567     0x1011 ./Core/Src/button.o
 .debug_macro   0x00002578      0x11f ./Core/Src/button.o
 .debug_macro   0x00002697    0x18b8c ./Core/Src/button.o
 .debug_macro   0x0001b223       0x6d ./Core/Src/button.o
 .debug_macro   0x0001b290     0x3558 ./Core/Src/button.o
 .debug_macro   0x0001e7e8      0x189 ./Core/Src/button.o
 .debug_macro   0x0001e971       0x5c ./Core/Src/button.o
 .debug_macro   0x0001e9cd     0x171f ./Core/Src/button.o
 .debug_macro   0x000200ec      0x600 ./Core/Src/button.o
 .debug_macro   0x000206ec      0x1b6 ./Core/Src/button.o
 .debug_macro   0x000208a2      0x34a ./Core/Src/button.o
 .debug_macro   0x00020bec      0x53c ./Core/Src/button.o
 .debug_macro   0x00021128      0x18b ./Core/Src/button.o
 .debug_macro   0x000212b3       0x43 ./Core/Src/button.o
 .debug_macro   0x000212f6      0x23d ./Core/Src/button.o
 .debug_macro   0x00021533      0x211 ./Core/Src/button.o
 .debug_macro   0x00021744      0x45c ./Core/Src/button.o
 .debug_macro   0x00021ba0      0x11c ./Core/Src/button.o
 .debug_macro   0x00021cbc      0x122 ./Core/Src/button.o
 .debug_macro   0x00021dde      0x3d1 ./Core/Src/button.o
 .debug_macro   0x000221af      0xc0b ./Core/Src/button.o
 .debug_macro   0x00022dba      0x718 ./Core/Src/button.o
 .debug_macro   0x000234d2      0x358 ./Core/Src/button.o
 .debug_macro   0x0002382a      0x246 ./Core/Src/button.o
 .debug_macro   0x00023a70       0x61 ./Core/Src/button.o
 .debug_macro   0x00023ad1       0x2a ./Core/Src/button.o
 .debug_macro   0x00023afb       0x43 ./Core/Src/button.o
 .debug_macro   0x00023b3e       0x34 ./Core/Src/button.o
 .debug_macro   0x00023b72      0x369 ./Core/Src/button.o
 .debug_macro   0x00023edb       0x16 ./Core/Src/button.o
 .debug_macro   0x00023ef1       0x43 ./Core/Src/button.o
 .debug_macro   0x00023f34       0x34 ./Core/Src/button.o
 .debug_macro   0x00023f68       0x10 ./Core/Src/button.o
 .debug_macro   0x00023f78       0x58 ./Core/Src/button.o
 .debug_macro   0x00023fd0       0x8e ./Core/Src/button.o
 .debug_macro   0x0002405e       0x1c ./Core/Src/button.o
 .debug_macro   0x0002407a      0x177 ./Core/Src/button.o
 .debug_macro   0x000241f1       0x10 ./Core/Src/button.o
 .debug_macro   0x00024201       0x35 ./Core/Src/button.o
 .debug_macro   0x00024236       0x10 ./Core/Src/button.o
 .debug_macro   0x00024246       0x10 ./Core/Src/button.o
 .debug_macro   0x00024256       0x10 ./Core/Src/button.o
 .debug_macro   0x00024266       0x1c ./Core/Src/button.o
 .debug_macro   0x00024282       0x52 ./Core/Src/button.o
 .debug_macro   0x000242d4       0x22 ./Core/Src/button.o
 .debug_macro   0x000242f6       0x10 ./Core/Src/button.o
 .debug_macro   0x00024306       0x52 ./Core/Src/button.o
 .debug_macro   0x00024358       0xcf ./Core/Src/button.o
 .debug_macro   0x00024427       0x1c ./Core/Src/button.o
 .debug_macro   0x00024443       0x3d ./Core/Src/button.o
 .debug_macro   0x00024480       0x35 ./Core/Src/button.o
 .debug_macro   0x000244b5       0x16 ./Core/Src/button.o
 .debug_macro   0x000244cb       0x16 ./Core/Src/button.o
 .debug_macro   0x000244e1       0x29 ./Core/Src/button.o
 .debug_macro   0x0002450a      0x1d3 ./Core/Src/led.o
 .debug_macro   0x000246dd      0x386 ./Core/Src/main.o
 .debug_macro   0x00024a63      0x344 ./Core/Src/rgb.o
 .debug_macro   0x00024da7      0x1c9 ./Core/Src/stm32g4xx_hal_msp.o
 .debug_macro   0x00024f70      0x1d3 ./Core/Src/stm32g4xx_it.o
 .debug_macro   0x00025143      0x274 ./Core/Src/syscalls.o
 .debug_macro   0x000253b7       0x5b ./Core/Src/syscalls.o
 .debug_macro   0x00025412       0x94 ./Core/Src/syscalls.o
 .debug_macro   0x000254a6       0x57 ./Core/Src/syscalls.o
 .debug_macro   0x000254fd      0x12c ./Core/Src/syscalls.o
 .debug_macro   0x00025629       0x10 ./Core/Src/syscalls.o
 .debug_macro   0x00025639      0x242 ./Core/Src/syscalls.o
 .debug_macro   0x0002587b       0x1c ./Core/Src/syscalls.o
 .debug_macro   0x00025897       0x10 ./Core/Src/syscalls.o
 .debug_macro   0x000258a7       0x10 ./Core/Src/syscalls.o
 .debug_macro   0x000258b7       0x16 ./Core/Src/syscalls.o
 .debug_macro   0x000258cd      0x146 ./Core/Src/syscalls.o
 .debug_macro   0x00025a13      0x18a ./Core/Src/syscalls.o
 .debug_macro   0x00025b9d       0x16 ./Core/Src/syscalls.o
 .debug_macro   0x00025bb3       0xce ./Core/Src/syscalls.o
 .debug_macro   0x00025c81       0xff ./Core/Src/sysmem.o
 .debug_macro   0x00025d80      0x23c ./Core/Src/sysmem.o
 .debug_macro   0x00025fbc      0x1ba ./Core/Src/system_stm32g4xx.o
 .debug_macro   0x00026176      0x3a0 ./Core/Src/utils.o
 .debug_macro   0x00026516      0x208 ./Drivers/STM32G4xx_HAL_Driver/Src/stm32g4xx_hal.o
 .debug_macro   0x0002671e      0x1ba ./Drivers/STM32G4xx_HAL_Driver/Src/stm32g4xx_hal_cortex.o
 .debug_macro   0x000268d8      0x1ba ./Drivers/STM32G4xx_HAL_Driver/Src/stm32g4xx_hal_dma.o
 .debug_macro   0x00026a92      0x1c1 ./Drivers/STM32G4xx_HAL_Driver/Src/stm32g4xx_hal_gpio.o
 .debug_macro   0x00026c53      0x1e4 ./Drivers/STM32G4xx_HAL_Driver/Src/stm32g4xx_hal_pwr_ex.o
 .debug_macro   0x00026e37      0x1fc ./Drivers/STM32G4xx_HAL_Driver/Src/stm32g4xx_hal_rcc.o
 .debug_macro   0x00027033      0x1c2 ./Drivers/STM32G4xx_HAL_Driver/Src/stm32g4xx_hal_tim.o
 .debug_macro   0x000271f5      0x1c0 ./Drivers/STM32G4xx_HAL_Driver/Src/stm32g4xx_hal_tim_ex.o

.debug_line     0x00000000    0x120b1
 .debug_line    0x00000000      0xbf3 ./Core/Src/button.o
 .debug_line    0x00000bf3      0xb0d ./Core/Src/led.o
 .debug_line    0x00001700      0xce2 ./Core/Src/main.o
 .debug_line    0x000023e2      0xf32 ./Core/Src/rgb.o
 .debug_line    0x00003314      0x865 ./Core/Src/stm32g4xx_hal_msp.o
 .debug_line    0x00003b79      0x8b1 ./Core/Src/stm32g4xx_it.o
 .debug_line    0x0000442a      0xa53 ./Core/Src/syscalls.o
 .debug_line    0x00004e7d      0x724 ./Core/Src/sysmem.o
 .debug_line    0x000055a1      0x843 ./Core/Src/system_stm32g4xx.o
 .debug_line    0x00005de4      0xca2 ./Core/Src/utils.o
 .debug_line    0x00006a86       0x7b ./Core/Startup/startup_stm32g474retx.o
 .debug_line    0x00006b01      0xbff ./Drivers/STM32G4xx_HAL_Driver/Src/stm32g4xx_hal.o
 .debug_line    0x00007700      0xd92 ./Drivers/STM32G4xx_HAL_Driver/Src/stm32g4xx_hal_cortex.o
 .debug_line    0x00008492      0xf3f ./Drivers/STM32G4xx_HAL_Driver/Src/stm32g4xx_hal_dma.o
 .debug_line    0x000093d1      0xc33 ./Drivers/STM32G4xx_HAL_Driver/Src/stm32g4xx_hal_gpio.o
 .debug_line    0x0000a004      0xd6e ./Drivers/STM32G4xx_HAL_Driver/Src/stm32g4xx_hal_pwr_ex.o
 .debug_line    0x0000ad72      0xfca ./Drivers/STM32G4xx_HAL_Driver/Src/stm32g4xx_hal_rcc.o
 .debug_line    0x0000bd3c     0x4173 ./Drivers/STM32G4xx_HAL_Driver/Src/stm32g4xx_hal_tim.o
 .debug_line    0x0000feaf     0x2202 ./Drivers/STM32G4xx_HAL_Driver/Src/stm32g4xx_hal_tim_ex.o

.debug_str      0x00000000    0xf7a18
 .debug_str     0x00000000    0xf187c ./Core/Src/button.o
                              0xf1b5a (size before relaxing)
 .debug_str     0x000f187c      0x134 ./Core/Src/led.o
                              0xedfb3 (size before relaxing)
 .debug_str     0x000f19b0     0x11ff ./Core/Src/main.o
                              0xf2d37 (size before relaxing)
 .debug_str     0x000f2baf      0x111 ./Core/Src/rgb.o
                              0xf2044 (size before relaxing)
 .debug_str     0x000f2cc0       0xa4 ./Core/Src/stm32g4xx_hal_msp.o
                              0xee674 (size before relaxing)
 .debug_str     0x000f2d64       0xf5 ./Core/Src/stm32g4xx_it.o
                              0xee14c (size before relaxing)
 .debug_str     0x000f2e59     0x1ba1 ./Core/Src/syscalls.o
                               0x98c0 (size before relaxing)
 .debug_str     0x000f49fa       0x6b ./Core/Src/sysmem.o
                               0x60d8 (size before relaxing)
 .debug_str     0x000f4a65       0xdb ./Core/Src/system_stm32g4xx.o
                              0xed7c6 (size before relaxing)
 .debug_str     0x000f4b40      0x136 ./Core/Src/utils.o
                              0xf1cb8 (size before relaxing)
 .debug_str     0x000f4c76       0x44 ./Core/Startup/startup_stm32g474retx.o
                                 0x8b (size before relaxing)
 .debug_str     0x000f4cba      0x5d2 ./Drivers/STM32G4xx_HAL_Driver/Src/stm32g4xx_hal.o
                              0xee4d8 (size before relaxing)
 .debug_str     0x000f528c      0x369 ./Drivers/STM32G4xx_HAL_Driver/Src/stm32g4xx_hal_cortex.o
                              0xee194 (size before relaxing)
 .debug_str     0x000f55f5      0x2ac ./Drivers/STM32G4xx_HAL_Driver/Src/stm32g4xx_hal_dma.o