../Core/Src/led.c:37:6:AllumerLed	16	static
../Core/Src/led.c:43:6:EteindreLed	16	static
../Core/Src/led.c:49:6:AllumerAll	16	static
../Core/Src/led.c:57:6:AllumerJ1	16	static
../Core/Src/led.c:65:6:AllumerJ2	16	static
../Core/Src/led.c:73:6:EteindreAll	16	static
../Core/Src/led.c:81:5:give_state_Led	16	static
../Core/Src/led.c:86:5:give_idJ_Led	16	static
../Core/Src/led.c:91:6:blinking_all	8	static
../Core/Src/led.c:113:6:blinking_J1	8	static
../Core/Src/led.c:135:6:blinking_J2	8	static
../Core/Src/led.c:171:6:chenillard	24	static
../Core/Src/led.c:197:6:chenillard2	24	static
../Core/Src/led.c:225:6:inv_chenillard	24	static
../Core/Src/led.c:255:6:inv_chenillard2	24	static
../Core/Src/led.c:287:6:AnimationWait	24	static
